mode: set
github.com/mannemsolutions/PgQuartz/cmd/pgquartz/logger.go:20.37,24.68 2 0
github.com/mannemsolutions/PgQuartz/cmd/pgquartz/logger.go:24.68,26.3 1 0
github.com/mannemsolutions/PgQuartz/cmd/pgquartz/logger.go:27.2,27.67 1 0
github.com/mannemsolutions/PgQuartz/cmd/pgquartz/logger.go:27.67,29.3 1 0
github.com/mannemsolutions/PgQuartz/cmd/pgquartz/logger.go:33.2,46.23 7 0
github.com/mannemsolutions/PgQuartz/cmd/pgquartz/logger.go:46.23,49.102 2 0
github.com/mannemsolutions/PgQuartz/cmd/pgquartz/logger.go:49.102,52.4 2 0
github.com/mannemsolutions/PgQuartz/cmd/pgquartz/logger.go:52.9,59.4 2 0
github.com/mannemsolutions/PgQuartz/cmd/pgquartz/logger.go:60.8,65.3 1 0
github.com/mannemsolutions/PgQuartz/cmd/pgquartz/logger.go:67.2,67.29 1 0
github.com/mannemsolutions/PgQuartz/cmd/pgquartz/logger.go:70.26,75.2 4 0
github.com/mannemsolutions/PgQuartz/cmd/pgquartz/logger.go:77.30,78.11 1 0
github.com/mannemsolutions/PgQuartz/cmd/pgquartz/logger.go:78.11,80.3 1 0
github.com/mannemsolutions/PgQuartz/cmd/pgquartz/logger.go:81.2,81.46 1 0
github.com/mannemsolutions/PgQuartz/cmd/pgquartz/main.go:18.20,22.2 3 0
github.com/mannemsolutions/PgQuartz/cmd/pgquartz/main.go:24.13,26.52 2 0
github.com/mannemsolutions/PgQuartz/cmd/pgquartz/main.go:26.52,29.3 2 0
github.com/mannemsolutions/PgQuartz/cmd/pgquartz/main.go:29.8,35.42 6 0
github.com/mannemsolutions/PgQuartz/cmd/pgquartz/main.go:35.42,37.4 1 0
github.com/mannemsolutions/PgQuartz/cmd/pgquartz/main.go:37.9,39.54 2 0
github.com/mannemsolutions/PgQuartz/cmd/pgquartz/main.go:39.54,41.5 1 0
github.com/mannemsolutions/PgQuartz/cmd/pgquartz/main.go:43.3,49.53 7 0
github.com/mannemsolutions/PgQuartz/cmd/pgquartz/main.go:49.53,53.4 3 0
github.com/mannemsolutions/PgQuartz/cmd/pgquartz/main.go:53.9,53.24 1 0
github.com/mannemsolutions/PgQuartz/cmd/pgquartz/main.go:53.24,55.4 1 0
github.com/mannemsolutions/PgQuartz/cmd/pgquartz/main.go:56.3,59.21 4 0
github.com/mannemsolutions/PgQuartz/internal/config.go:31.33,32.22 1 0
github.com/mannemsolutions/PgQuartz/internal/config.go:32.22,34.3 1 0
github.com/mannemsolutions/PgQuartz/internal/config.go:36.2,43.13 5 0
github.com/mannemsolutions/PgQuartz/internal/config.go:43.13,47.3 2 0
github.com/mannemsolutions/PgQuartz/internal/config.go:49.2,49.22 1 0
github.com/mannemsolutions/PgQuartz/internal/config.go:49.22,51.3 1 0
github.com/mannemsolutions/PgQuartz/internal/config.go:53.2,54.12 2 0
github.com/mannemsolutions/PgQuartz/internal/config.go:57.50,58.38 1 0
github.com/mannemsolutions/PgQuartz/internal/config.go:58.38,60.3 1 0
github.com/mannemsolutions/PgQuartz/internal/config.go:64.2,65.16 2 0
github.com/mannemsolutions/PgQuartz/internal/config.go:65.16,67.3 1 0
github.com/mannemsolutions/PgQuartz/internal/config.go:69.2,73.26 5 0
github.com/mannemsolutions/PgQuartz/internal/config.go:73.26,75.3 1 0
github.com/mannemsolutions/PgQuartz/internal/config.go:77.2,77.26 1 0
github.com/mannemsolutions/PgQuartz/internal/config.go:77.27,79.3 0 0
github.com/mannemsolutions/PgQuartz/internal/config.go:79.8,79.65 1 0
github.com/mannemsolutions/PgQuartz/internal/config.go:79.65,81.3 1 0
github.com/mannemsolutions/PgQuartz/internal/config.go:81.8,81.29 1 0
github.com/mannemsolutions/PgQuartz/internal/config.go:81.29,86.3 3 0
github.com/mannemsolutions/PgQuartz/internal/config.go:87.2,87.37 1 0
github.com/mannemsolutions/PgQuartz/internal/config.go:87.37,89.3 1 0
github.com/mannemsolutions/PgQuartz/internal/config.go:91.2,91.11 1 0
github.com/mannemsolutions/PgQuartz/internal/config.go:91.11,93.3 1 0
github.com/mannemsolutions/PgQuartz/internal/config.go:95.2,95.20 1 0
github.com/mannemsolutions/PgQuartz/pkg/etcd/config.go:14.33,16.28 1 0
github.com/mannemsolutions/PgQuartz/pkg/etcd/config.go:16.28,18.3 1 0
github.com/mannemsolutions/PgQuartz/pkg/etcd/config.go:19.2,19.26 1 0
github.com/mannemsolutions/PgQuartz/pkg/etcd/config.go:19.26,21.3 1 0
github.com/mannemsolutions/PgQuartz/pkg/etcd/config.go:24.106,25.26 1 0
github.com/mannemsolutions/PgQuartz/pkg/etcd/config.go:25.26,27.3 1 0
github.com/mannemsolutions/PgQuartz/pkg/etcd/config.go:28.2,29.16 2 0
github.com/mannemsolutions/PgQuartz/pkg/etcd/config.go:29.16,31.3 1 0
github.com/mannemsolutions/PgQuartz/pkg/etcd/config.go:32.2,32.57 1 0
github.com/mannemsolutions/PgQuartz/pkg/etcd/locker.go:21.42,26.2 2 0
github.com/mannemsolutions/PgQuartz/pkg/etcd/locker.go:28.26,29.29 1 0
github.com/mannemsolutions/PgQuartz/pkg/etcd/locker.go:29.29,32.3 2 0
github.com/mannemsolutions/PgQuartz/pkg/etcd/locker.go:33.2,36.16 4 0
github.com/mannemsolutions/PgQuartz/pkg/etcd/locker.go:36.16,38.3 1 0
github.com/mannemsolutions/PgQuartz/pkg/etcd/locker.go:39.2,42.16 3 0
github.com/mannemsolutions/PgQuartz/pkg/etcd/locker.go:42.16,44.3 1 0
github.com/mannemsolutions/PgQuartz/pkg/etcd/locker.go:45.2,49.80 4 0
github.com/mannemsolutions/PgQuartz/pkg/etcd/locker.go:49.80,51.3 1 0
github.com/mannemsolutions/PgQuartz/pkg/etcd/locker.go:51.8,56.51 3 0
github.com/mannemsolutions/PgQuartz/pkg/etcd/locker.go:56.51,58.4 1 0
github.com/mannemsolutions/PgQuartz/pkg/etcd/locker.go:60.3,61.11 2 0
github.com/mannemsolutions/PgQuartz/pkg/etcd/locker.go:66.28,67.21 1 0
github.com/mannemsolutions/PgQuartz/pkg/etcd/locker.go:67.21,68.46 1 0
github.com/mannemsolutions/PgQuartz/pkg/etcd/locker.go:68.46,70.4 1 0
github.com/mannemsolutions/PgQuartz/pkg/etcd/locker.go:71.3,71.17 1 0
github.com/mannemsolutions/PgQuartz/pkg/etcd/locker.go:75.27,79.26 4 0
github.com/mannemsolutions/PgQuartz/pkg/etcd/locker.go:79.26,82.3 2 0
github.com/mannemsolutions/PgQuartz/pkg/etcd/locker.go:83.2,84.23 2 0
github.com/mannemsolutions/PgQuartz/pkg/etcd/locker.go:84.23,87.3 2 0
github.com/mannemsolutions/PgQuartz/pkg/etcd/locker.go:88.2,89.19 2 0
github.com/mannemsolutions/PgQuartz/pkg/etcd/locker.go:89.19,92.3 2 0
github.com/mannemsolutions/PgQuartz/pkg/etcd/logger.go:11.44,13.2 1 0
github.com/mannemsolutions/PgQuartz/pkg/etcd/main.go:9.37,11.2 1 0
github.com/mannemsolutions/PgQuartz/pkg/git/config.go:28.46,29.19 1 1
github.com/mannemsolutions/PgQuartz/pkg/git/config.go:29.19,31.3 1 1
github.com/mannemsolutions/PgQuartz/pkg/git/config.go:32.2,32.21 1 1
github.com/mannemsolutions/PgQuartz/pkg/git/config.go:32.21,34.3 1 1
github.com/mannemsolutions/PgQuartz/pkg/git/config.go:35.2,35.23 1 1
github.com/mannemsolutions/PgQuartz/pkg/git/config.go:35.23,37.3 1 1
github.com/mannemsolutions/PgQuartz/pkg/git/config.go:38.2,38.22 1 1
github.com/mannemsolutions/PgQuartz/pkg/git/config.go:38.22,40.3 1 1
github.com/mannemsolutions/PgQuartz/pkg/git/config.go:41.2,41.41 1 1
github.com/mannemsolutions/PgQuartz/pkg/git/config.go:41.41,42.45 1 1
github.com/mannemsolutions/PgQuartz/pkg/git/config.go:42.45,43.59 1 0
github.com/mannemsolutions/PgQuartz/pkg/git/config.go:44.9,46.4 1 1
github.com/mannemsolutions/PgQuartz/pkg/git/config.go:50.51,51.16 1 1
github.com/mannemsolutions/PgQuartz/pkg/git/config.go:51.16,53.3 1 0
github.com/mannemsolutions/PgQuartz/pkg/git/config.go:54.2,60.35 6 1
github.com/mannemsolutions/PgQuartz/pkg/git/config.go:60.35,64.3 3 1
github.com/mannemsolutions/PgQuartz/pkg/git/config.go:64.8,64.31 1 1
github.com/mannemsolutions/PgQuartz/pkg/git/config.go:64.31,66.3 1 0
github.com/mannemsolutions/PgQuartz/pkg/git/config.go:66.8,66.85 1 1
github.com/mannemsolutions/PgQuartz/pkg/git/config.go:66.85,68.3 1 0
github.com/mannemsolutions/PgQuartz/pkg/git/config.go:68.8,68.54 1 1
github.com/mannemsolutions/PgQuartz/pkg/git/config.go:68.54,70.3 1 0
github.com/mannemsolutions/PgQuartz/pkg/git/config.go:71.2,72.12 2 1
github.com/mannemsolutions/PgQuartz/pkg/git/config.go:75.32,76.71 1 0
github.com/mannemsolutions/PgQuartz/pkg/git/config.go:76.71,78.3 1 0
github.com/mannemsolutions/PgQuartz/pkg/git/config.go:79.2,79.84 1 0
github.com/mannemsolutions/PgQuartz/pkg/git/config.go:79.84,81.3 1 0
github.com/mannemsolutions/PgQuartz/pkg/git/config.go:82.2,82.72 1 0
github.com/mannemsolutions/PgQuartz/pkg/git/config.go:82.72,84.3 1 0
github.com/mannemsolutions/PgQuartz/pkg/git/config.go:85.2,85.12 1 0
github.com/mannemsolutions/PgQuartz/pkg/git/config.go:88.32,89.16 1 1
github.com/mannemsolutions/PgQuartz/pkg/git/config.go:89.16,91.3 1 1
github.com/mannemsolutions/PgQuartz/pkg/git/config.go:92.2,92.26 1 1
github.com/mannemsolutions/PgQuartz/pkg/git/config.go:92.26,95.3 2 0
github.com/mannemsolutions/PgQuartz/pkg/git/config.go:97.2,97.49 1 1
github.com/mannemsolutions/PgQuartz/pkg/git/config.go:97.49,100.3 2 0
github.com/mannemsolutions/PgQuartz/pkg/git/config.go:100.8,100.20 1 1
github.com/mannemsolutions/PgQuartz/pkg/git/config.go:100.20,102.66 2 0
github.com/mannemsolutions/PgQuartz/pkg/git/config.go:102.66,104.4 1 0
github.com/mannemsolutions/PgQuartz/pkg/git/config.go:108.2,109.107 2 1
github.com/mannemsolutions/PgQuartz/pkg/git/config.go:109.107,111.3 1 0
github.com/mannemsolutions/PgQuartz/pkg/git/config.go:112.2,112.33 1 1
github.com/mannemsolutions/PgQuartz/pkg/git/config.go:115.31,116.16 1 0
github.com/mannemsolutions/PgQuartz/pkg/git/config.go:116.16,118.3 1 0
github.com/mannemsolutions/PgQuartz/pkg/git/config.go:119.2,119.35 1 0
github.com/mannemsolutions/PgQuartz/pkg/git/config.go:119.35,121.3 1 0
github.com/mannemsolutions/PgQuartz/pkg/git/config.go:122.2,122.49 1 0
github.com/mannemsolutions/PgQuartz/pkg/git/config.go:122.49,124.3 1 0
github.com/mannemsolutions/PgQuartz/pkg/git/config.go:125.2,125.48 1 0
github.com/mannemsolutions/PgQuartz/pkg/git/folder_state.go:25.75,35.2 9 1
github.com/mannemsolutions/PgQuartz/pkg/git/folder_state.go:37.57,39.51 2 1
github.com/mannemsolutions/PgQuartz/pkg/git/folder_state.go:39.51,41.3 1 0
github.com/mannemsolutions/PgQuartz/pkg/git/folder_state.go:41.8,41.19 1 1
github.com/mannemsolutions/PgQuartz/pkg/git/folder_state.go:41.19,43.3 1 0
github.com/mannemsolutions/PgQuartz/pkg/git/folder_state.go:44.2,44.62 1 1
github.com/mannemsolutions/PgQuartz/pkg/git/folder_state.go:44.62,46.3 1 0
github.com/mannemsolutions/PgQuartz/pkg/git/folder_state.go:47.2,47.23 1 1
github.com/mannemsolutions/PgQuartz/pkg/git/folder_state.go:50.34,52.2 1 1
github.com/mannemsolutions/PgQuartz/pkg/git/folder_state.go:54.56,56.16 2 1
github.com/mannemsolutions/PgQuartz/pkg/git/folder_state.go:56.16,59.3 2 1
github.com/mannemsolutions/PgQuartz/pkg/git/folder_state.go:60.2,60.12 1 1
github.com/mannemsolutions/PgQuartz/pkg/git/folder_state.go:63.52,64.21 1 1
github.com/mannemsolutions/PgQuartz/pkg/git/folder_state.go:64.21,67.3 2 1
github.com/mannemsolutions/PgQuartz/pkg/git/folder_state.go:68.2,68.93 1 1
github.com/mannemsolutions/PgQuartz/pkg/git/folder_state.go:68.93,71.3 2 0
github.com/mannemsolutions/PgQuartz/pkg/git/folder_state.go:71.8,73.3 1 1
github.com/mannemsolutions/PgQuartz/pkg/git/folder_state.go:77.35,78.98 1 1
github.com/mannemsolutions/PgQuartz/pkg/git/folder_state.go:78.98,80.3 1 1
github.com/mannemsolutions/PgQuartz/pkg/git/folder_state.go:80.8,82.3 1 1
github.com/mannemsolutions/PgQuartz/pkg/git/folder_state.go:86.41,87.47 1 1
github.com/mannemsolutions/PgQuartz/pkg/git/folder_state.go:87.47,89.3 1 1
github.com/mannemsolutions/PgQuartz/pkg/git/folder_state.go:89.8,89.31 1 1
github.com/mannemsolutions/PgQuartz/pkg/git/folder_state.go:89.31,91.3 1 1
github.com/mannemsolutions/PgQuartz/pkg/git/folder_state.go:91.8,93.3 1 0
github.com/mannemsolutions/PgQuartz/pkg/git/folder_state.go:96.42,98.16 2 1
github.com/mannemsolutions/PgQuartz/pkg/git/folder_state.go:98.16,100.3 1 1
github.com/mannemsolutions/PgQuartz/pkg/git/folder_state.go:101.2,104.19 3 1
github.com/mannemsolutions/PgQuartz/pkg/git/folder_state.go:104.19,106.3 1 1
github.com/mannemsolutions/PgQuartz/pkg/git/folder_state.go:107.2,107.19 1 1
github.com/mannemsolutions/PgQuartz/pkg/git/folder_state.go:110.38,116.44 1 1
github.com/mannemsolutions/PgQuartz/pkg/git/folder_state.go:116.44,119.3 2 0
github.com/mannemsolutions/PgQuartz/pkg/git/folder_state.go:119.8,119.20 1 1
github.com/mannemsolutions/PgQuartz/pkg/git/folder_state.go:119.20,121.3 1 1
github.com/mannemsolutions/PgQuartz/pkg/git/folder_state.go:122.2,122.20 1 1
github.com/mannemsolutions/PgQuartz/pkg/git/folder_state.go:122.20,124.3 1 1
github.com/mannemsolutions/PgQuartz/pkg/git/folder_state.go:125.2,125.44 1 1
github.com/mannemsolutions/PgQuartz/pkg/git/folder_state.go:125.44,128.3 2 0
github.com/mannemsolutions/PgQuartz/pkg/git/folder_state.go:128.8,128.18 1 1
github.com/mannemsolutions/PgQuartz/pkg/git/folder_state.go:128.18,130.3 1 1
github.com/mannemsolutions/PgQuartz/pkg/git/folder_state.go:131.2,132.25 2 1
github.com/mannemsolutions/PgQuartz/pkg/git/folder_state.go:135.36,137.2 1 1
github.com/mannemsolutions/PgQuartz/pkg/git/main.go:14.44,16.2 1 0
github.com/mannemsolutions/PgQuartz/pkg/jobs/check.go:16.42,17.28 1 0
github.com/mannemsolutions/PgQuartz/pkg/jobs/check.go:17.28,18.49 1 0
github.com/mannemsolutions/PgQuartz/pkg/jobs/check.go:18.49,19.49 1 0
github.com/mannemsolutions/PgQuartz/pkg/jobs/check.go:19.49,21.5 1 0
github.com/mannemsolutions/PgQuartz/pkg/jobs/check.go:27.41,28.23 1 0
github.com/mannemsolutions/PgQuartz/pkg/jobs/check.go:28.23,30.3 1 0
github.com/mannemsolutions/PgQuartz/pkg/jobs/check.go:31.2,31.14 1 0
github.com/mannemsolutions/PgQuartz/pkg/jobs/check.go:49.31,61.2 1 0
github.com/mannemsolutions/PgQuartz/pkg/jobs/check.go:63.32,65.20 2 0
github.com/mannemsolutions/PgQuartz/pkg/jobs/check.go:65.20,68.3 1 0
github.com/mannemsolutions/PgQuartz/pkg/jobs/check.go:68.8,70.3 1 0
github.com/mannemsolutions/PgQuartz/pkg/jobs/check.go:71.2,71.99 1 0
github.com/mannemsolutions/PgQuartz/pkg/jobs/check.go:74.47,75.20 1 0
github.com/mannemsolutions/PgQuartz/pkg/jobs/check.go:75.20,77.3 1 0
github.com/mannemsolutions/PgQuartz/pkg/jobs/check.go:78.2,78.23 1 0
github.com/mannemsolutions/PgQuartz/pkg/jobs/check.go:78.23,80.3 1 0
github.com/mannemsolutions/PgQuartz/pkg/jobs/check.go:82.2,82.46 1 0
github.com/mannemsolutions/PgQuartz/pkg/jobs/check.go:82.46,84.3 1 0
github.com/mannemsolutions/PgQuartz/pkg/jobs/check.go:84.8,89.21 3 0
github.com/mannemsolutions/PgQuartz/pkg/jobs/check.go:89.21,91.4 1 0
github.com/mannemsolutions/PgQuartz/pkg/jobs/check.go:91.9,91.60 1 0
github.com/mannemsolutions/PgQuartz/pkg/jobs/check.go:91.60,93.4 1 0
github.com/mannemsolutions/PgQuartz/pkg/jobs/check.go:93.9,93.60 1 0
github.com/mannemsolutions/PgQuartz/pkg/jobs/check.go:93.60,95.4 1 0
github.com/mannemsolutions/PgQuartz/pkg/jobs/check.go:96.3,97.16 1 0
github.com/mannemsolutions/PgQuartz/pkg/jobs/check.go:101.74,102.18 1 0
github.com/mannemsolutions/PgQuartz/pkg/jobs/check.go:102.18,103.22 1 0
github.com/mannemsolutions/PgQuartz/pkg/jobs/check.go:103.23,105.4 0 0
github.com/mannemsolutions/PgQuartz/pkg/jobs/check.go:105.9,109.4 1 0
github.com/mannemsolutions/PgQuartz/pkg/jobs/check.go:110.8,110.30 1 0
github.com/mannemsolutions/PgQuartz/pkg/jobs/check.go:110.31,112.3 0 0
github.com/mannemsolutions/PgQuartz/pkg/jobs/check.go:112.8,112.48 1 0
github.com/mannemsolutions/PgQuartz/pkg/jobs/check.go:112.48,115.3 1 0
github.com/mannemsolutions/PgQuartz/pkg/jobs/check.go:116.2,116.45 1 0
github.com/mannemsolutions/PgQuartz/pkg/jobs/check.go:116.45,118.3 1 0
github.com/mannemsolutions/PgQuartz/pkg/jobs/check.go:119.2,119.13 1 0
github.com/mannemsolutions/PgQuartz/pkg/jobs/check.go:126.50,129.20 3 0
github.com/mannemsolutions/PgQuartz/pkg/jobs/check.go:129.20,130.74 1 0
github.com/mannemsolutions/PgQuartz/pkg/jobs/check.go:130.74,132.4 1 0
github.com/mannemsolutions/PgQuartz/pkg/jobs/check.go:133.3,134.57 2 0
github.com/mannemsolutions/PgQuartz/pkg/jobs/check.go:134.57,136.4 1 0
github.com/mannemsolutions/PgQuartz/pkg/jobs/check.go:136.9,136.47 1 0
github.com/mannemsolutions/PgQuartz/pkg/jobs/check.go:136.47,139.4 1 0
github.com/mannemsolutions/PgQuartz/pkg/jobs/check.go:139.9,139.62 1 0
github.com/mannemsolutions/PgQuartz/pkg/jobs/check.go:139.62,141.4 1 0
github.com/mannemsolutions/PgQuartz/pkg/jobs/check.go:142.3,142.19 1 0
github.com/mannemsolutions/PgQuartz/pkg/jobs/check.go:144.2,144.44 1 0
github.com/mannemsolutions/PgQuartz/pkg/jobs/check.go:144.44,146.3 1 0
github.com/mannemsolutions/PgQuartz/pkg/jobs/check.go:147.2,147.65 1 0
github.com/mannemsolutions/PgQuartz/pkg/jobs/check.go:147.65,149.3 1 0
github.com/mannemsolutions/PgQuartz/pkg/jobs/check.go:150.2,150.19 1 0
github.com/mannemsolutions/PgQuartz/pkg/jobs/check.go:157.45,158.20 1 0
github.com/mannemsolutions/PgQuartz/pkg/jobs/check.go:158.20,160.3 1 0
github.com/mannemsolutions/PgQuartz/pkg/jobs/check.go:161.2,162.16 2 0
github.com/mannemsolutions/PgQuartz/pkg/jobs/check.go:162.16,164.3 1 0
github.com/mannemsolutions/PgQuartz/pkg/jobs/check.go:165.2,165.37 1 0
github.com/mannemsolutions/PgQuartz/pkg/jobs/check.go:168.70,170.39 2 0
github.com/mannemsolutions/PgQuartz/pkg/jobs/check.go:170.39,172.3 1 0
github.com/mannemsolutions/PgQuartz/pkg/jobs/check.go:173.2,173.45 1 0
github.com/mannemsolutions/PgQuartz/pkg/jobs/check.go:173.45,175.3 1 0
github.com/mannemsolutions/PgQuartz/pkg/jobs/check.go:175.8,175.107 1 0
github.com/mannemsolutions/PgQuartz/pkg/jobs/check.go:175.107,177.3 1 0
github.com/mannemsolutions/PgQuartz/pkg/jobs/check.go:177.8,177.36 1 0
github.com/mannemsolutions/PgQuartz/pkg/jobs/check.go:177.36,179.3 1 0
github.com/mannemsolutions/PgQuartz/pkg/jobs/check.go:179.8,179.83 1 0
github.com/mannemsolutions/PgQuartz/pkg/jobs/check.go:179.83,181.3 1 0
github.com/mannemsolutions/PgQuartz/pkg/jobs/check.go:182.2,182.12 1 0
github.com/mannemsolutions/PgQuartz/pkg/jobs/check.go:185.33,186.21 1 0
github.com/mannemsolutions/PgQuartz/pkg/jobs/check.go:186.21,188.46 2 0
github.com/mannemsolutions/PgQuartz/pkg/jobs/check.go:188.46,190.4 1 0
github.com/mannemsolutions/PgQuartz/pkg/jobs/check.go:191.3,191.17 1 0
github.com/mannemsolutions/PgQuartz/pkg/jobs/check.go:195.75,197.50 2 0
github.com/mannemsolutions/PgQuartz/pkg/jobs/check.go:197.50,199.3 1 0
github.com/mannemsolutions/PgQuartz/pkg/jobs/check.go:199.8,199.60 1 0
github.com/mannemsolutions/PgQuartz/pkg/jobs/check.go:199.60,201.3 1 0
github.com/mannemsolutions/PgQuartz/pkg/jobs/check.go:202.2,202.12 1 0
github.com/mannemsolutions/PgQuartz/pkg/jobs/check.go:205.64,212.37 7 0
github.com/mannemsolutions/PgQuartz/pkg/jobs/check.go:212.37,213.33 1 0
github.com/mannemsolutions/PgQuartz/pkg/jobs/check.go:214.24,216.18 2 0
github.com/mannemsolutions/PgQuartz/pkg/jobs/check.go:216.18,218.5 1 0
github.com/mannemsolutions/PgQuartz/pkg/jobs/check.go:219.11,219.11 0 0
github.com/mannemsolutions/PgQuartz/pkg/jobs/check.go:222.2,222.106 1 0
github.com/mannemsolutions/PgQuartz/pkg/jobs/check.go:222.106,224.3 1 0
github.com/mannemsolutions/PgQuartz/pkg/jobs/check.go:224.8,224.112 1 0
github.com/mannemsolutions/PgQuartz/pkg/jobs/check.go:224.112,226.3 1 0
github.com/mannemsolutions/PgQuartz/pkg/jobs/check.go:227.2,228.12 2 0
github.com/mannemsolutions/PgQuartz/pkg/jobs/command.go:16.78,17.29 1 0
github.com/mannemsolutions/PgQuartz/pkg/jobs/command.go:17.29,19.3 1 0
github.com/mannemsolutions/PgQuartz/pkg/jobs/command.go:20.2,20.13 1 0
github.com/mannemsolutions/PgQuartz/pkg/jobs/command.go:23.80,24.30 1 0
github.com/mannemsolutions/PgQuartz/pkg/jobs/command.go:24.30,25.49 1 0
github.com/mannemsolutions/PgQuartz/pkg/jobs/command.go:25.49,27.4 1 0
github.com/mannemsolutions/PgQuartz/pkg/jobs/command.go:29.2,29.12 1 0
github.com/mannemsolutions/PgQuartz/pkg/jobs/command.go:32.45,33.23 1 0
github.com/mannemsolutions/PgQuartz/pkg/jobs/command.go:33.23,35.3 1 0
github.com/mannemsolutions/PgQuartz/pkg/jobs/command.go:36.2,36.14 1 0
github.com/mannemsolutions/PgQuartz/pkg/jobs/command.go:39.34,40.29 1 0
github.com/mannemsolutions/PgQuartz/pkg/jobs/command.go:40.29,42.3 1 0
github.com/mannemsolutions/PgQuartz/pkg/jobs/command.go:43.2,43.11 1 0
github.com/mannemsolutions/PgQuartz/pkg/jobs/command.go:46.45,47.29 1 0
github.com/mannemsolutions/PgQuartz/pkg/jobs/command.go:47.29,49.3 1 0
github.com/mannemsolutions/PgQuartz/pkg/jobs/command.go:50.2,50.15 1 0
github.com/mannemsolutions/PgQuartz/pkg/jobs/command.go:53.45,54.29 1 0
github.com/mannemsolutions/PgQuartz/pkg/jobs/command.go:54.29,56.3 1 0
github.com/mannemsolutions/PgQuartz/pkg/jobs/command.go:57.2,57.15 1 0
github.com/mannemsolutions/PgQuartz/pkg/jobs/command.go:74.35,83.2 1 0
github.com/mannemsolutions/PgQuartz/pkg/jobs/command.go:85.34,87.20 2 0
github.com/mannemsolutions/PgQuartz/pkg/jobs/command.go:87.20,90.3 1 0
github.com/mannemsolutions/PgQuartz/pkg/jobs/command.go:90.8,92.3 1 0
github.com/mannemsolutions/PgQuartz/pkg/jobs/command.go:93.2,93.99 1 0
github.com/mannemsolutions/PgQuartz/pkg/jobs/command.go:96.49,97.20 1 0
github.com/mannemsolutions/PgQuartz/pkg/jobs/command.go:97.20,99.3 1 0
github.com/mannemsolutions/PgQuartz/pkg/jobs/command.go:100.2,100.23 1 0
github.com/mannemsolutions/PgQuartz/pkg/jobs/command.go:100.23,102.3 1 0
github.com/mannemsolutions/PgQuartz/pkg/jobs/command.go:104.2,104.46 1 0
github.com/mannemsolutions/PgQuartz/pkg/jobs/command.go:104.46,106.3 1 0
github.com/mannemsolutions/PgQuartz/pkg/jobs/command.go:106.8,111.21 3 0
github.com/mannemsolutions/PgQuartz/pkg/jobs/command.go:111.21,113.4 1 0
github.com/mannemsolutions/PgQuartz/pkg/jobs/command.go:113.9,113.60 1 0
github.com/mannemsolutions/PgQuartz/pkg/jobs/command.go:113.60,115.4 1 0
github.com/mannemsolutions/PgQuartz/pkg/jobs/command.go:115.9,115.60 1 0
github.com/mannemsolutions/PgQuartz/pkg/jobs/command.go:115.60,117.4 1 0
github.com/mannemsolutions/PgQuartz/pkg/jobs/command.go:118.3,119.16 1 0
github.com/mannemsolutions/PgQuartz/pkg/jobs/command.go:123.76,124.18 1 0
github.com/mannemsolutions/PgQuartz/pkg/jobs/command.go:124.18,125.22 1 0
github.com/mannemsolutions/PgQuartz/pkg/jobs/command.go:125.23,127.4 0 0
github.com/mannemsolutions/PgQuartz/pkg/jobs/command.go:127.9,131.4 1 0
github.com/mannemsolutions/PgQuartz/pkg/jobs/command.go:132.8,132.30 1 0
github.com/mannemsolutions/PgQuartz/pkg/jobs/command.go:132.31,134.3 0 0
github.com/mannemsolutions/PgQuartz/pkg/jobs/command.go:134.8,134.48 1 0
github.com/mannemsolutions/PgQuartz/pkg/jobs/command.go:134.48,137.3 1 0
github.com/mannemsolutions/PgQuartz/pkg/jobs/command.go:138.2,138.45 1 0
github.com/mannemsolutions/PgQuartz/pkg/jobs/command.go:138.45,140.3 1 0
github.com/mannemsolutions/PgQuartz/pkg/jobs/command.go:141.2,141.13 1 0
github.com/mannemsolutions/PgQuartz/pkg/jobs/command.go:148.52,151.20 3 0
github.com/mannemsolutions/PgQuartz/pkg/jobs/command.go:151.20,152.76 1 0
github.com/mannemsolutions/PgQuartz/pkg/jobs/command.go:152.76,154.4 1 0
github.com/mannemsolutions/PgQuartz/pkg/jobs/command.go:155.3,156.57 2 0
github.com/mannemsolutions/PgQuartz/pkg/jobs/command.go:156.57,158.4 1 0
github.com/mannemsolutions/PgQuartz/pkg/jobs/command.go:158.9,158.47 1 0
github.com/mannemsolutions/PgQuartz/pkg/jobs/command.go:158.47,161.4 1 0
github.com/mannemsolutions/PgQuartz/pkg/jobs/command.go:161.9,161.62 1 0
github.com/mannemsolutions/PgQuartz/pkg/jobs/command.go:161.62,163.4 1 0
github.com/mannemsolutions/PgQuartz/pkg/jobs/command.go:164.3,164.19 1 0
github.com/mannemsolutions/PgQuartz/pkg/jobs/command.go:166.2,166.44 1 0
github.com/mannemsolutions/PgQuartz/pkg/jobs/command.go:166.44,168.3 1 0
github.com/mannemsolutions/PgQuartz/pkg/jobs/command.go:169.2,169.65 1 0
github.com/mannemsolutions/PgQuartz/pkg/jobs/command.go:169.65,171.3 1 0
github.com/mannemsolutions/PgQuartz/pkg/jobs/command.go:172.2,172.19 1 0
github.com/mannemsolutions/PgQuartz/pkg/jobs/command.go:179.47,180.20 1 0
github.com/mannemsolutions/PgQuartz/pkg/jobs/command.go:180.20,182.3 1 0
github.com/mannemsolutions/PgQuartz/pkg/jobs/command.go:183.2,184.16 2 0
github.com/mannemsolutions/PgQuartz/pkg/jobs/command.go:184.16,186.3 1 0
github.com/mannemsolutions/PgQuartz/pkg/jobs/command.go:187.2,187.37 1 0
github.com/mannemsolutions/PgQuartz/pkg/jobs/command.go:190.78,192.39 2 0
github.com/mannemsolutions/PgQuartz/pkg/jobs/command.go:192.39,194.3 1 0
github.com/mannemsolutions/PgQuartz/pkg/jobs/command.go:195.2,195.45 1 0
github.com/mannemsolutions/PgQuartz/pkg/jobs/command.go:195.45,197.3 1 0
github.com/mannemsolutions/PgQuartz/pkg/jobs/command.go:197.8,197.95 1 0
github.com/mannemsolutions/PgQuartz/pkg/jobs/command.go:197.95,200.3 2 0
github.com/mannemsolutions/PgQuartz/pkg/jobs/command.go:201.2,201.12 1 0
github.com/mannemsolutions/PgQuartz/pkg/jobs/command.go:204.35,205.21 1 0
github.com/mannemsolutions/PgQuartz/pkg/jobs/command.go:205.21,207.46 2 0
github.com/mannemsolutions/PgQuartz/pkg/jobs/command.go:207.46,209.4 1 0
github.com/mannemsolutions/PgQuartz/pkg/jobs/command.go:210.3,210.17 1 0
github.com/mannemsolutions/PgQuartz/pkg/jobs/command.go:214.68,221.39 7 0
github.com/mannemsolutions/PgQuartz/pkg/jobs/command.go:221.39,222.33 1 0
github.com/mannemsolutions/PgQuartz/pkg/jobs/command.go:223.24,224.30 1 0
github.com/mannemsolutions/PgQuartz/pkg/jobs/command.go:225.11,226.12 1 0
github.com/mannemsolutions/PgQuartz/pkg/jobs/command.go:228.3,228.13 1 0
github.com/mannemsolutions/PgQuartz/pkg/jobs/command.go:230.2,233.12 4 0
github.com/mannemsolutions/PgQuartz/pkg/jobs/config.go:30.33,31.53 1 0
github.com/mannemsolutions/PgQuartz/pkg/jobs/config.go:31.53,33.3 1 0
github.com/mannemsolutions/PgQuartz/pkg/jobs/config.go:33.8,35.3 1 0
github.com/mannemsolutions/PgQuartz/pkg/jobs/config.go:38.26,40.20 2 0
github.com/mannemsolutions/PgQuartz/pkg/jobs/config.go:40.20,46.3 1 0
github.com/mannemsolutions/PgQuartz/pkg/jobs/config.go:46.8,46.29 1 0
github.com/mannemsolutions/PgQuartz/pkg/jobs/config.go:46.29,48.3 1 0
github.com/mannemsolutions/PgQuartz/pkg/jobs/config.go:48.8,50.3 1 0
github.com/mannemsolutions/PgQuartz/pkg/jobs/config.go:51.2,51.27 1 0
github.com/mannemsolutions/PgQuartz/pkg/jobs/config.go:51.27,53.3 1 0
github.com/mannemsolutions/PgQuartz/pkg/jobs/config.go:54.2,54.19 1 0
github.com/mannemsolutions/PgQuartz/pkg/jobs/config.go:54.19,56.3 1 0
github.com/mannemsolutions/PgQuartz/pkg/jobs/config.go:59.31,62.2 2 0
github.com/mannemsolutions/PgQuartz/pkg/jobs/config.go:64.104,65.21 1 0
github.com/mannemsolutions/PgQuartz/pkg/jobs/config.go:65.21,67.3 1 0
github.com/mannemsolutions/PgQuartz/pkg/jobs/config.go:68.2,69.16 2 0
github.com/mannemsolutions/PgQuartz/pkg/jobs/config.go:69.16,71.3 1 0
github.com/mannemsolutions/PgQuartz/pkg/jobs/config.go:72.2,72.57 1 0
github.com/mannemsolutions/PgQuartz/pkg/jobs/connection.go:12.142,16.39 4 0
github.com/mannemsolutions/PgQuartz/pkg/jobs/connection.go:16.39,18.3 1 0
github.com/mannemsolutions/PgQuartz/pkg/jobs/connection.go:18.8,18.49 1 0
github.com/mannemsolutions/PgQuartz/pkg/jobs/connection.go:18.49,21.3 2 0
github.com/mannemsolutions/PgQuartz/pkg/jobs/connection.go:23.2,23.15 1 0
github.com/mannemsolutions/PgQuartz/pkg/jobs/connection.go:23.15,24.49 1 0
github.com/mannemsolutions/PgQuartz/pkg/jobs/connection.go:24.49,26.80 2 0
github.com/mannemsolutions/PgQuartz/pkg/jobs/connection.go:26.80,29.5 2 0
github.com/mannemsolutions/PgQuartz/pkg/jobs/connection.go:29.10,31.5 1 0
github.com/mannemsolutions/PgQuartz/pkg/jobs/connection.go:33.3,33.21 1 0
github.com/mannemsolutions/PgQuartz/pkg/jobs/connection.go:34.8,36.79 2 0
github.com/mannemsolutions/PgQuartz/pkg/jobs/connection.go:36.79,39.4 2 0
github.com/mannemsolutions/PgQuartz/pkg/jobs/connection.go:39.9,41.4 1 0
github.com/mannemsolutions/PgQuartz/pkg/jobs/handler.go:18.35,25.2 1 0
github.com/mannemsolutions/PgQuartz/pkg/jobs/handler.go:27.34,30.51 3 0
github.com/mannemsolutions/PgQuartz/pkg/jobs/handler.go:30.51,32.3 1 0
github.com/mannemsolutions/PgQuartz/pkg/jobs/handler.go:33.2,34.19 2 0
github.com/mannemsolutions/PgQuartz/pkg/jobs/handler.go:37.38,38.29 1 0
github.com/mannemsolutions/PgQuartz/pkg/jobs/handler.go:38.29,41.3 2 0
github.com/mannemsolutions/PgQuartz/pkg/jobs/handler.go:42.2,42.37 1 0
github.com/mannemsolutions/PgQuartz/pkg/jobs/handler.go:42.37,43.44 1 0
github.com/mannemsolutions/PgQuartz/pkg/jobs/handler.go:43.44,45.4 1 0
github.com/mannemsolutions/PgQuartz/pkg/jobs/handler.go:47.2,48.12 2 0
github.com/mannemsolutions/PgQuartz/pkg/jobs/handler.go:51.30,55.6 4 0
github.com/mannemsolutions/PgQuartz/pkg/jobs/handler.go:55.6,56.19 1 0
github.com/mannemsolutions/PgQuartz/pkg/jobs/handler.go:56.19,57.9 1 0
github.com/mannemsolutions/PgQuartz/pkg/jobs/handler.go:59.3,59.18 1 0
github.com/mannemsolutions/PgQuartz/pkg/jobs/handler.go:61.2,63.6 3 0
github.com/mannemsolutions/PgQuartz/pkg/jobs/handler.go:63.6,64.23 1 0
github.com/mannemsolutions/PgQuartz/pkg/jobs/handler.go:64.23,66.9 2 0
github.com/mannemsolutions/PgQuartz/pkg/jobs/handler.go:69.2,71.30 3 0
github.com/mannemsolutions/PgQuartz/pkg/jobs/handler.go:74.31,75.31 1 0
github.com/mannemsolutions/PgQuartz/pkg/jobs/handler.go:75.31,77.3 1 0
github.com/mannemsolutions/PgQuartz/pkg/jobs/handler.go:78.2,80.39 3 0
github.com/mannemsolutions/PgQuartz/pkg/jobs/handler.go:83.33,84.41 1 0
github.com/mannemsolutions/PgQuartz/pkg/jobs/handler.go:84.41,88.3 3 0
github.com/mannemsolutions/PgQuartz/pkg/jobs/handler.go:91.41,92.47 1 0
github.com/mannemsolutions/PgQuartz/pkg/jobs/handler.go:92.47,94.61 2 0
github.com/mannemsolutions/PgQuartz/pkg/jobs/handler.go:94.61,97.4 2 0
github.com/mannemsolutions/PgQuartz/pkg/jobs/handler.go:97.9,97.20 1 0
github.com/mannemsolutions/PgQuartz/pkg/jobs/handler.go:97.20,100.32 3 0
github.com/mannemsolutions/PgQuartz/pkg/jobs/handler.go:100.32,104.5 3 0
github.com/mannemsolutions/PgQuartz/pkg/jobs/handler.go:105.4,105.50 1 0
github.com/mannemsolutions/PgQuartz/pkg/jobs/handler.go:106.9,108.4 1 0
github.com/mannemsolutions/PgQuartz/pkg/jobs/handler.go:110.2,110.33 1 0
github.com/mannemsolutions/PgQuartz/pkg/jobs/handler.go:113.33,114.9 1 0
github.com/mannemsolutions/PgQuartz/pkg/jobs/handler.go:115.32,116.30 1 0
github.com/mannemsolutions/PgQuartz/pkg/jobs/handler.go:116.30,119.4 2 0
github.com/mannemsolutions/PgQuartz/pkg/jobs/handler.go:120.10,120.10 0 0
github.com/mannemsolutions/PgQuartz/pkg/jobs/handler.go:125.46,127.2 1 0
github.com/mannemsolutions/PgQuartz/pkg/jobs/instance.go:5.47,7.23 2 0
github.com/mannemsolutions/PgQuartz/pkg/jobs/instance.go:7.23,9.3 1 0
github.com/mannemsolutions/PgQuartz/pkg/jobs/instance.go:10.2,10.14 1 0
github.com/mannemsolutions/PgQuartz/pkg/jobs/instance.go:13.33,14.23 1 0
github.com/mannemsolutions/PgQuartz/pkg/jobs/instance.go:14.23,15.14 1 0
github.com/mannemsolutions/PgQuartz/pkg/jobs/instance.go:15.14,17.4 1 0
github.com/mannemsolutions/PgQuartz/pkg/jobs/instance.go:19.2,19.13 1 0
github.com/mannemsolutions/PgQuartz/pkg/jobs/instance.go:22.41,23.23 1 0
github.com/mannemsolutions/PgQuartz/pkg/jobs/instance.go:23.23,25.3 1 0
github.com/mannemsolutions/PgQuartz/pkg/jobs/instance.go:26.2,26.10 1 0
github.com/mannemsolutions/PgQuartz/pkg/jobs/instance.go:29.41,30.23 1 0
github.com/mannemsolutions/PgQuartz/pkg/jobs/instance.go:30.23,32.3 1 0
github.com/mannemsolutions/PgQuartz/pkg/jobs/instance.go:33.2,33.10 1 0
github.com/mannemsolutions/PgQuartz/pkg/jobs/instance.go:36.35,37.30 1 0
github.com/mannemsolutions/PgQuartz/pkg/jobs/instance.go:37.30,39.3 1 0
github.com/mannemsolutions/PgQuartz/pkg/jobs/instance.go:40.2,40.11 1 0
github.com/mannemsolutions/PgQuartz/pkg/jobs/instance.go:50.71,56.2 1 0
github.com/mannemsolutions/PgQuartz/pkg/jobs/instance.go:58.45,63.2 1 0
github.com/mannemsolutions/PgQuartz/pkg/jobs/instance.go:65.39,67.2 1 0
github.com/mannemsolutions/PgQuartz/pkg/jobs/instance.go:69.39,71.2 1 0
github.com/mannemsolutions/PgQuartz/pkg/jobs/instance.go:73.33,75.2 1 0
github.com/mannemsolutions/PgQuartz/pkg/jobs/logger.go:12.67,15.2 2 0
github.com/mannemsolutions/PgQuartz/pkg/jobs/logger.go:17.19,19.2 1 0
github.com/mannemsolutions/PgQuartz/pkg/jobs/matrix.go:48.46,51.30 2 0
github.com/mannemsolutions/PgQuartz/pkg/jobs/matrix.go:51.30,52.19 1 0
github.com/mannemsolutions/PgQuartz/pkg/jobs/matrix.go:52.19,57.4 1 0
github.com/mannemsolutions/PgQuartz/pkg/jobs/matrix.go:59.2,59.25 1 0
github.com/mannemsolutions/PgQuartz/pkg/jobs/matrix.go:59.25,61.3 1 0
github.com/mannemsolutions/PgQuartz/pkg/jobs/matrix.go:62.2,63.61 2 0
github.com/mannemsolutions/PgQuartz/pkg/jobs/matrix.go:66.65,68.30 2 0
github.com/mannemsolutions/PgQuartz/pkg/jobs/matrix.go:68.30,70.3 1 0
github.com/mannemsolutions/PgQuartz/pkg/jobs/matrix.go:71.2,71.15 1 0
github.com/mannemsolutions/PgQuartz/pkg/jobs/matrix.go:74.47,76.30 2 0
github.com/mannemsolutions/PgQuartz/pkg/jobs/matrix.go:76.30,78.3 1 0
github.com/mannemsolutions/PgQuartz/pkg/jobs/matrix.go:79.2,79.12 1 0
github.com/mannemsolutions/PgQuartz/pkg/jobs/matrix.go:84.96,88.37 3 0
github.com/mannemsolutions/PgQuartz/pkg/jobs/matrix.go:88.37,89.20 1 0
github.com/mannemsolutions/PgQuartz/pkg/jobs/matrix.go:89.20,90.12 1 0
github.com/mannemsolutions/PgQuartz/pkg/jobs/matrix.go:92.3,93.49 2 0
github.com/mannemsolutions/PgQuartz/pkg/jobs/matrix.go:93.49,97.4 3 0
github.com/mannemsolutions/PgQuartz/pkg/jobs/matrix.go:102.2,102.26 1 0
github.com/mannemsolutions/PgQuartz/pkg/jobs/matrix.go:105.111,106.29 1 0
github.com/mannemsolutions/PgQuartz/pkg/jobs/matrix.go:106.29,107.33 1 0
github.com/mannemsolutions/PgQuartz/pkg/jobs/matrix.go:107.33,111.4 3 0
github.com/mannemsolutions/PgQuartz/pkg/jobs/matrix.go:113.2,113.17 1 0
github.com/mannemsolutions/PgQuartz/pkg/jobs/matrix.go:116.61,117.31 1 0
github.com/mannemsolutions/PgQuartz/pkg/jobs/matrix.go:117.31,118.20 1 0
github.com/mannemsolutions/PgQuartz/pkg/jobs/matrix.go:118.20,119.33 1 0
github.com/mannemsolutions/PgQuartz/pkg/jobs/matrix.go:119.33,121.5 1 0
github.com/mannemsolutions/PgQuartz/pkg/jobs/matrix.go:122.9,124.4 1 0
github.com/mannemsolutions/PgQuartz/pkg/jobs/matrix.go:126.2,126.19 1 0
github.com/mannemsolutions/PgQuartz/pkg/jobs/matrix.go:126.19,128.3 1 0
github.com/mannemsolutions/PgQuartz/pkg/jobs/matrix.go:129.2,129.12 1 0
github.com/mannemsolutions/PgQuartz/pkg/jobs/result.go:13.48,14.29 1 0
github.com/mannemsolutions/PgQuartz/pkg/jobs/result.go:14.29,16.3 1 0
github.com/mannemsolutions/PgQuartz/pkg/jobs/result.go:17.2,17.15 1 0
github.com/mannemsolutions/PgQuartz/pkg/jobs/result.go:20.56,22.50 2 0
github.com/mannemsolutions/PgQuartz/pkg/jobs/result.go:22.50,24.3 1 0
github.com/mannemsolutions/PgQuartz/pkg/jobs/result.go:25.2,25.15 1 0
github.com/mannemsolutions/PgQuartz/pkg/jobs/result.go:28.50,30.2 1 0
github.com/mannemsolutions/PgQuartz/pkg/jobs/result.go:32.33,34.25 2 0
github.com/mannemsolutions/PgQuartz/pkg/jobs/result.go:34.25,36.3 1 0
github.com/mannemsolutions/PgQuartz/pkg/jobs/result.go:37.2,37.57 1 0
github.com/mannemsolutions/PgQuartz/pkg/jobs/result.go:40.44,41.22 1 0
github.com/mannemsolutions/PgQuartz/pkg/jobs/result.go:41.22,42.23 1 0
github.com/mannemsolutions/PgQuartz/pkg/jobs/result.go:42.23,43.15 1 0
github.com/mannemsolutions/PgQuartz/pkg/jobs/result.go:43.15,45.5 1 0
github.com/mannemsolutions/PgQuartz/pkg/jobs/result.go:46.4,46.15 1 0
github.com/mannemsolutions/PgQuartz/pkg/jobs/result.go:49.2,49.13 1 0
github.com/mannemsolutions/PgQuartz/pkg/jobs/result.go:49.13,51.3 1 0
github.com/mannemsolutions/PgQuartz/pkg/jobs/result.go:52.2,52.14 1 0
github.com/mannemsolutions/PgQuartz/pkg/jobs/result.go:55.48,56.22 1 0
github.com/mannemsolutions/PgQuartz/pkg/jobs/result.go:56.22,57.24 1 0
github.com/mannemsolutions/PgQuartz/pkg/jobs/result.go:57.24,58.15 1 0
github.com/mannemsolutions/PgQuartz/pkg/jobs/result.go:58.15,60.5 1 0
github.com/mannemsolutions/PgQuartz/pkg/jobs/result.go:61.4,61.15 1 0
github.com/mannemsolutions/PgQuartz/pkg/jobs/result.go:64.2,64.13 1 0
github.com/mannemsolutions/PgQuartz/pkg/jobs/result.go:64.13,66.3 1 0
github.com/mannemsolutions/PgQuartz/pkg/jobs/result.go:67.2,67.14 1 0
github.com/mannemsolutions/PgQuartz/pkg/jobs/result.go:70.49,71.48 1 0
github.com/mannemsolutions/PgQuartz/pkg/jobs/result.go:71.48,74.3 2 0
github.com/mannemsolutions/PgQuartz/pkg/jobs/result.go:74.8,75.23 1 0
github.com/mannemsolutions/PgQuartz/pkg/jobs/result.go:75.23,76.27 1 0
github.com/mannemsolutions/PgQuartz/pkg/jobs/result.go:76.27,77.16 1 0
github.com/mannemsolutions/PgQuartz/pkg/jobs/result.go:77.16,79.6 1 0
github.com/mannemsolutions/PgQuartz/pkg/jobs/result.go:80.5,80.16 1 0
github.com/mannemsolutions/PgQuartz/pkg/jobs/result.go:84.2,84.13 1 0
github.com/mannemsolutions/PgQuartz/pkg/jobs/result.go:84.13,86.3 1 0
github.com/mannemsolutions/PgQuartz/pkg/jobs/result.go:87.2,87.14 1 0
github.com/mannemsolutions/PgQuartz/pkg/jobs/result.go:90.48,92.2 1 0
github.com/mannemsolutions/PgQuartz/pkg/jobs/runner.go:13.31,14.23 1 0
github.com/mannemsolutions/PgQuartz/pkg/jobs/runner.go:14.23,15.14 1 0
github.com/mannemsolutions/PgQuartz/pkg/jobs/runner.go:15.14,17.4 1 0
github.com/mannemsolutions/PgQuartz/pkg/jobs/runner.go:19.2,19.13 1 0
github.com/mannemsolutions/PgQuartz/pkg/jobs/runner.go:22.47,28.2 1 0
github.com/mannemsolutions/PgQuartz/pkg/jobs/runner.go:30.24,31.6 1 0
github.com/mannemsolutions/PgQuartz/pkg/jobs/runner.go:31.6,32.39 1 0
github.com/mannemsolutions/PgQuartz/pkg/jobs/runner.go:32.39,33.9 1 0
github.com/mannemsolutions/PgQuartz/pkg/jobs/runner.go:34.9,34.66 1 0
github.com/mannemsolutions/PgQuartz/pkg/jobs/runner.go:34.66,36.4 1 0
github.com/mannemsolutions/PgQuartz/pkg/jobs/runner.go:36.9,36.72 1 0
github.com/mannemsolutions/PgQuartz/pkg/jobs/runner.go:36.72,38.4 1 0
github.com/mannemsolutions/PgQuartz/pkg/jobs/runner.go:38.9,40.79 2 0
github.com/mannemsolutions/PgQuartz/pkg/jobs/runner.go:40.79,42.5 1 0
github.com/mannemsolutions/PgQuartz/pkg/jobs/runner.go:43.4,43.25 1 0
github.com/mannemsolutions/PgQuartz/pkg/jobs/runner.go:46.2,47.15 2 0
github.com/mannemsolutions/PgQuartz/pkg/jobs/step.go:34.38,36.13 2 0
github.com/mannemsolutions/PgQuartz/pkg/jobs/step.go:36.13,38.3 1 0
github.com/mannemsolutions/PgQuartz/pkg/jobs/step.go:39.2,39.24 1 0
github.com/mannemsolutions/PgQuartz/pkg/jobs/step.go:44.43,45.43 1 0
github.com/mannemsolutions/PgQuartz/pkg/jobs/step.go:45.43,47.3 1 0
github.com/mannemsolutions/PgQuartz/pkg/jobs/step.go:47.8,47.58 1 0
github.com/mannemsolutions/PgQuartz/pkg/jobs/step.go:47.58,49.3 1 0
github.com/mannemsolutions/PgQuartz/pkg/jobs/step.go:49.8,52.3 2 0
github.com/mannemsolutions/PgQuartz/pkg/jobs/step.go:55.58,56.33 1 0
github.com/mannemsolutions/PgQuartz/pkg/jobs/step.go:56.33,58.43 2 0
github.com/mannemsolutions/PgQuartz/pkg/jobs/step.go:58.43,59.44 1 0
github.com/mannemsolutions/PgQuartz/pkg/jobs/step.go:59.44,61.5 1 0
github.com/mannemsolutions/PgQuartz/pkg/jobs/step.go:64.2,64.13 1 0
github.com/mannemsolutions/PgQuartz/pkg/jobs/step.go:67.31,68.27 1 0
github.com/mannemsolutions/PgQuartz/pkg/jobs/step.go:68.27,70.3 1 0
github.com/mannemsolutions/PgQuartz/pkg/jobs/step.go:73.39,75.29 2 0
github.com/mannemsolutions/PgQuartz/pkg/jobs/step.go:75.29,80.3 4 0
github.com/mannemsolutions/PgQuartz/pkg/jobs/step.go:81.2,82.14 2 0
github.com/mannemsolutions/PgQuartz/pkg/jobs/step.go:85.31,87.29 2 0
github.com/mannemsolutions/PgQuartz/pkg/jobs/step.go:87.29,91.3 3 0
github.com/mannemsolutions/PgQuartz/pkg/jobs/step.go:92.2,92.14 1 0
github.com/mannemsolutions/PgQuartz/pkg/jobs/step.go:95.67,96.43 1 0
github.com/mannemsolutions/PgQuartz/pkg/jobs/step.go:96.43,98.3 1 0
github.com/mannemsolutions/PgQuartz/pkg/jobs/step.go:98.8,98.55 1 0
github.com/mannemsolutions/PgQuartz/pkg/jobs/step.go:98.55,100.3 1 0
github.com/mannemsolutions/PgQuartz/pkg/jobs/step.go:100.8,102.3 1 0
github.com/mannemsolutions/PgQuartz/pkg/jobs/step.go:105.50,107.33 2 0
github.com/mannemsolutions/PgQuartz/pkg/jobs/step.go:107.33,108.19 1 0
github.com/mannemsolutions/PgQuartz/pkg/jobs/step.go:108.19,110.4 1 0
github.com/mannemsolutions/PgQuartz/pkg/jobs/step.go:111.3,111.22 1 0
github.com/mannemsolutions/PgQuartz/pkg/jobs/step.go:111.22,112.12 1 0
github.com/mannemsolutions/PgQuartz/pkg/jobs/step.go:114.3,115.43 2 0
github.com/mannemsolutions/PgQuartz/pkg/jobs/step.go:115.43,116.50 1 0
github.com/mannemsolutions/PgQuartz/pkg/jobs/step.go:116.50,118.5 1 0
github.com/mannemsolutions/PgQuartz/pkg/jobs/step.go:118.10,118.67 1 0
github.com/mannemsolutions/PgQuartz/pkg/jobs/step.go:118.67,120.10 2 0
github.com/mannemsolutions/PgQuartz/pkg/jobs/step.go:123.3,123.14 1 0
github.com/mannemsolutions/PgQuartz/pkg/jobs/step.go:123.14,125.4 1 0
github.com/mannemsolutions/PgQuartz/pkg/jobs/step.go:127.2,127.14 1 0
github.com/mannemsolutions/PgQuartz/pkg/jobs/step.go:130.47,131.26 1 0
github.com/mannemsolutions/PgQuartz/pkg/jobs/step.go:131.26,132.22 1 0
github.com/mannemsolutions/PgQuartz/pkg/jobs/step.go:132.22,133.12 1 0
github.com/mannemsolutions/PgQuartz/pkg/jobs/step.go:135.3,135.18 1 0
github.com/mannemsolutions/PgQuartz/pkg/jobs/step.go:137.2,137.19 1 0
github.com/mannemsolutions/PgQuartz/pkg/jobs/step.go:140.71,142.43 2 0
github.com/mannemsolutions/PgQuartz/pkg/jobs/step.go:142.43,144.3 1 0
github.com/mannemsolutions/PgQuartz/pkg/jobs/step.go:144.8,146.39 2 0
github.com/mannemsolutions/PgQuartz/pkg/jobs/step.go:146.39,147.80 1 0
github.com/mannemsolutions/PgQuartz/pkg/jobs/step.go:147.80,149.5 1 0
github.com/mannemsolutions/PgQuartz/pkg/jobs/step.go:150.4,150.67 1 0
github.com/mannemsolutions/PgQuartz/pkg/jobs/step.go:150.67,152.5 1 0
github.com/mannemsolutions/PgQuartz/pkg/jobs/step.go:152.10,157.19 5 0
github.com/mannemsolutions/PgQuartz/pkg/jobs/step.go:157.19,159.6 1 0
github.com/mannemsolutions/PgQuartz/pkg/jobs/step.go:159.11,159.41 1 0
github.com/mannemsolutions/PgQuartz/pkg/jobs/step.go:159.41,161.6 1 0
github.com/mannemsolutions/PgQuartz/pkg/jobs/step.go:165.2,166.18 2 0
github.com/mannemsolutions/PgQuartz/pkg/jobs/step.go:178.30,180.2 1 0
github.com/mannemsolutions/PgQuartz/pkg/jobs/step.go:182.28,184.2 1 0
github.com/mannemsolutions/PgQuartz/pkg/jobs/step.go:186.28,187.30 1 0
github.com/mannemsolutions/PgQuartz/pkg/jobs/step.go:187.30,189.3 1 0
github.com/mannemsolutions/PgQuartz/pkg/jobs/step.go:190.2,190.24 1 0
github.com/mannemsolutions/PgQuartz/pkg/jobs/step.go:190.24,191.51 1 0
github.com/mannemsolutions/PgQuartz/pkg/jobs/step.go:191.51,193.4 1 0
github.com/mannemsolutions/PgQuartz/pkg/jobs/step.go:194.3,194.14 1 0
github.com/mannemsolutions/PgQuartz/pkg/jobs/step.go:196.2,196.14 1 0
github.com/mannemsolutions/PgQuartz/pkg/jobs/step.go:199.55,200.14 1 0
github.com/mannemsolutions/PgQuartz/pkg/jobs/step.go:200.14,202.3 1 0
github.com/mannemsolutions/PgQuartz/pkg/jobs/step.go:203.2,204.49 2 0
github.com/mannemsolutions/PgQuartz/pkg/jobs/step.go:204.49,206.3 1 0
github.com/mannemsolutions/PgQuartz/pkg/jobs/step.go:206.8,208.3 1 0
github.com/mannemsolutions/PgQuartz/pkg/jobs/step.go:209.2,209.17 1 0
github.com/mannemsolutions/PgQuartz/pkg/jobs/step.go:212.51,213.24 1 0
github.com/mannemsolutions/PgQuartz/pkg/jobs/step.go:213.24,215.3 1 0
github.com/mannemsolutions/PgQuartz/pkg/jobs/step.go:215.8,218.3 2 0
github.com/mannemsolutions/PgQuartz/pkg/jobs/step.go:221.29,230.2 1 0
github.com/mannemsolutions/PgQuartz/pkg/jobs/step.go:232.31,234.2 1 0
github.com/mannemsolutions/PgQuartz/pkg/jobs/step.go:236.31,238.2 1 0
github.com/mannemsolutions/PgQuartz/pkg/jobs/step.go:240.24,242.2 1 0
github.com/mannemsolutions/PgQuartz/pkg/jobs/step.go:244.29,246.2 1 0
github.com/mannemsolutions/PgQuartz/pkg/jobs/step.go:248.31,249.26 1 0
github.com/mannemsolutions/PgQuartz/pkg/jobs/step.go:249.26,251.3 1 0
github.com/mannemsolutions/PgQuartz/pkg/jobs/step.go:252.2,253.44 2 0
github.com/mannemsolutions/PgQuartz/pkg/jobs/step.go:253.44,255.3 1 0
github.com/mannemsolutions/PgQuartz/pkg/jobs/step.go:258.40,261.2 1 0
github.com/mannemsolutions/PgQuartz/pkg/pg/conn.go:23.40,27.2 1 0
github.com/mannemsolutions/PgQuartz/pkg/pg/conn.go:29.41,31.8 2 0
github.com/mannemsolutions/PgQuartz/pkg/pg/conn.go:31.8,33.3 1 0
github.com/mannemsolutions/PgQuartz/pkg/pg/conn.go:34.2,35.17 2 0
github.com/mannemsolutions/PgQuartz/pkg/pg/conn.go:35.17,37.3 1 0
github.com/mannemsolutions/PgQuartz/pkg/pg/conn.go:38.2,38.21 1 0
github.com/mannemsolutions/PgQuartz/pkg/pg/conn.go:41.45,43.8 2 0
github.com/mannemsolutions/PgQuartz/pkg/pg/conn.go:43.8,45.3 1 0
github.com/mannemsolutions/PgQuartz/pkg/pg/conn.go:46.2,47.17 2 0
github.com/mannemsolutions/PgQuartz/pkg/pg/conn.go:47.17,49.3 1 0
github.com/mannemsolutions/PgQuartz/pkg/pg/conn.go:50.2,51.16 2 0
github.com/mannemsolutions/PgQuartz/pkg/pg/conn.go:51.16,54.3 1 0
github.com/mannemsolutions/PgQuartz/pkg/pg/conn.go:55.2,55.29 1 0
github.com/mannemsolutions/PgQuartz/pkg/pg/conn.go:59.61,61.2 1 0
github.com/mannemsolutions/PgQuartz/pkg/pg/conn.go:63.35,65.39 2 0
github.com/mannemsolutions/PgQuartz/pkg/pg/conn.go:65.39,67.3 1 0
github.com/mannemsolutions/PgQuartz/pkg/pg/conn.go:68.2,68.36 1 0
github.com/mannemsolutions/PgQuartz/pkg/pg/conn.go:71.38,72.19 1 0
github.com/mannemsolutions/PgQuartz/pkg/pg/conn.go:72.19,73.24 1 0
github.com/mannemsolutions/PgQuartz/pkg/pg/conn.go:73.24,75.4 1 0
github.com/mannemsolutions/PgQuartz/pkg/pg/conn.go:75.9,77.4 1 0
github.com/mannemsolutions/PgQuartz/pkg/pg/conn.go:79.2,80.16 2 0
github.com/mannemsolutions/PgQuartz/pkg/pg/conn.go:80.16,83.3 2 0
github.com/mannemsolutions/PgQuartz/pkg/pg/conn.go:84.2,84.12 1 0
github.com/mannemsolutions/PgQuartz/pkg/pg/conn.go:87.88,89.16 2 0
github.com/mannemsolutions/PgQuartz/pkg/pg/conn.go:89.16,91.3 1 0
github.com/mannemsolutions/PgQuartz/pkg/pg/conn.go:92.2,94.26 3 0
github.com/mannemsolutions/PgQuartz/pkg/pg/conn.go:94.26,96.3 1 0
github.com/mannemsolutions/PgQuartz/pkg/pg/conn.go:97.2,97.16 1 0
github.com/mannemsolutions/PgQuartz/pkg/pg/conn.go:97.16,99.3 1 0
github.com/mannemsolutions/PgQuartz/pkg/pg/conn.go:100.2,100.19 1 0
github.com/mannemsolutions/PgQuartz/pkg/pg/conn.go:103.68,105.16 2 0
github.com/mannemsolutions/PgQuartz/pkg/pg/conn.go:105.16,107.3 1 0
github.com/mannemsolutions/PgQuartz/pkg/pg/conn.go:108.2,109.12 2 0
github.com/mannemsolutions/PgQuartz/pkg/pg/conn.go:112.90,114.16 2 0
github.com/mannemsolutions/PgQuartz/pkg/pg/conn.go:114.16,116.3 1 0
github.com/mannemsolutions/PgQuartz/pkg/pg/conn.go:118.2,119.16 2 0
github.com/mannemsolutions/PgQuartz/pkg/pg/conn.go:119.16,121.3 1 0
github.com/mannemsolutions/PgQuartz/pkg/pg/conn.go:122.2,122.20 1 0
github.com/mannemsolutions/PgQuartz/pkg/pg/conn.go:125.85,127.16 2 0
github.com/mannemsolutions/PgQuartz/pkg/pg/conn.go:127.16,129.3 1 0
github.com/mannemsolutions/PgQuartz/pkg/pg/conn.go:130.2,131.65 2 0
github.com/mannemsolutions/PgQuartz/pkg/pg/conn.go:131.65,133.3 1 0
github.com/mannemsolutions/PgQuartz/pkg/pg/conn.go:133.8,134.53 1 0
github.com/mannemsolutions/PgQuartz/pkg/pg/conn.go:134.53,136.4 1 0
github.com/mannemsolutions/PgQuartz/pkg/pg/conn.go:137.3,137.21 1 0
github.com/mannemsolutions/PgQuartz/pkg/pg/conn.go:137.21,140.47 3 0
github.com/mannemsolutions/PgQuartz/pkg/pg/conn.go:140.47,142.5 1 0
github.com/mannemsolutions/PgQuartz/pkg/pg/conn.go:142.10,143.30 1 0
github.com/mannemsolutions/PgQuartz/pkg/pg/conn.go:143.30,145.6 1 0
github.com/mannemsolutions/PgQuartz/pkg/pg/conn.go:147.4,147.42 1 0
github.com/mannemsolutions/PgQuartz/pkg/pg/conn.go:150.2,150.20 1 0
github.com/mannemsolutions/PgQuartz/pkg/pg/conn.go:153.50,154.20 1 0
github.com/mannemsolutions/PgQuartz/pkg/pg/conn.go:154.20,156.3 1 0
github.com/mannemsolutions/PgQuartz/pkg/pg/conn.go:157.2,157.23 1 0
github.com/mannemsolutions/PgQuartz/pkg/pg/conn.go:157.23,159.3 1 0
github.com/mannemsolutions/PgQuartz/pkg/pg/conn.go:160.2,160.40 1 0
github.com/mannemsolutions/PgQuartz/pkg/pg/conn.go:160.40,162.3 1 0
github.com/mannemsolutions/PgQuartz/pkg/pg/conn.go:163.2,163.123 1 0
github.com/mannemsolutions/PgQuartz/pkg/pg/conn.go:163.123,165.3 1 0
github.com/mannemsolutions/PgQuartz/pkg/pg/conn.go:165.8,165.29 1 0
github.com/mannemsolutions/PgQuartz/pkg/pg/conn.go:165.29,168.3 2 0
github.com/mannemsolutions/PgQuartz/pkg/pg/conn.go:169.2,170.12 2 0
github.com/mannemsolutions/PgQuartz/pkg/pg/dsn.go:10.41,12.22 2 0
github.com/mannemsolutions/PgQuartz/pkg/pg/dsn.go:12.22,13.22 1 0
github.com/mannemsolutions/PgQuartz/pkg/pg/dsn.go:13.22,15.4 1 0
github.com/mannemsolutions/PgQuartz/pkg/pg/dsn.go:16.3,16.91 1 0
github.com/mannemsolutions/PgQuartz/pkg/pg/dsn.go:18.2,18.33 1 0
github.com/mannemsolutions/PgQuartz/pkg/pg/main.go:18.44,20.2 1 0
github.com/mannemsolutions/PgQuartz/pkg/pg/main.go:21.37,23.2 1 0
github.com/mannemsolutions/PgQuartz/pkg/pg/row.go:14.65,15.29 1 0
github.com/mannemsolutions/PgQuartz/pkg/pg/row.go:15.29,17.25 2 0
github.com/mannemsolutions/PgQuartz/pkg/pg/row.go:17.25,19.4 1 0
github.com/mannemsolutions/PgQuartz/pkg/pg/row.go:20.3,20.41 1 0
github.com/mannemsolutions/PgQuartz/pkg/pg/row.go:22.2,22.21 1 0
github.com/mannemsolutions/PgQuartz/pkg/pg/row.go:25.76,27.21 2 0
github.com/mannemsolutions/PgQuartz/pkg/pg/row.go:27.21,29.3 1 0
github.com/mannemsolutions/PgQuartz/pkg/pg/row.go:30.2,30.29 1 0
github.com/mannemsolutions/PgQuartz/pkg/pg/row.go:30.29,32.27 2 0
github.com/mannemsolutions/PgQuartz/pkg/pg/row.go:32.27,35.4 1 0
github.com/mannemsolutions/PgQuartz/pkg/pg/row.go:36.3,36.75 1 0
github.com/mannemsolutions/PgQuartz/pkg/pg/row.go:38.2,38.24 1 0
github.com/mannemsolutions/PgQuartz/cmd/pgquartz/logger.go:20.37,24.68 2 0
github.com/mannemsolutions/PgQuartz/cmd/pgquartz/logger.go:24.68,26.3 1 0
github.com/mannemsolutions/PgQuartz/cmd/pgquartz/logger.go:27.2,27.67 1 0
github.com/mannemsolutions/PgQuartz/cmd/pgquartz/logger.go:27.67,29.3 1 0
github.com/mannemsolutions/PgQuartz/cmd/pgquartz/logger.go:33.2,46.23 7 0
github.com/mannemsolutions/PgQuartz/cmd/pgquartz/logger.go:46.23,49.102 2 0
github.com/mannemsolutions/PgQuartz/cmd/pgquartz/logger.go:49.102,52.4 2 0
github.com/mannemsolutions/PgQuartz/cmd/pgquartz/logger.go:52.9,59.4 2 0
github.com/mannemsolutions/PgQuartz/cmd/pgquartz/logger.go:60.8,65.3 1 0
github.com/mannemsolutions/PgQuartz/cmd/pgquartz/logger.go:67.2,67.29 1 0
github.com/mannemsolutions/PgQuartz/cmd/pgquartz/logger.go:70.26,75.2 4 0
github.com/mannemsolutions/PgQuartz/cmd/pgquartz/logger.go:77.30,78.11 1 0
github.com/mannemsolutions/PgQuartz/cmd/pgquartz/logger.go:78.11,80.3 1 0
github.com/mannemsolutions/PgQuartz/cmd/pgquartz/logger.go:81.2,81.46 1 0
github.com/mannemsolutions/PgQuartz/cmd/pgquartz/main.go:18.20,22.2 3 0
github.com/mannemsolutions/PgQuartz/cmd/pgquartz/main.go:24.13,26.52 2 0
github.com/mannemsolutions/PgQuartz/cmd/pgquartz/main.go:26.52,29.3 2 0
github.com/mannemsolutions/PgQuartz/cmd/pgquartz/main.go:29.8,35.42 6 0
github.com/mannemsolutions/PgQuartz/cmd/pgquartz/main.go:35.42,37.4 1 0
github.com/mannemsolutions/PgQuartz/cmd/pgquartz/main.go:37.9,39.54 2 0
github.com/mannemsolutions/PgQuartz/cmd/pgquartz/main.go:39.54,41.5 1 0
github.com/mannemsolutions/PgQuartz/cmd/pgquartz/main.go:43.3,49.53 7 0
github.com/mannemsolutions/PgQuartz/cmd/pgquartz/main.go:49.53,53.4 3 0
github.com/mannemsolutions/PgQuartz/cmd/pgquartz/main.go:53.9,53.24 1 0
github.com/mannemsolutions/PgQuartz/cmd/pgquartz/main.go:53.24,55.4 1 0
github.com/mannemsolutions/PgQuartz/cmd/pgquartz/main.go:56.3,59.21 4 0
github.com/mannemsolutions/PgQuartz/internal/config.go:31.33,32.22 1 0
github.com/mannemsolutions/PgQuartz/internal/config.go:32.22,34.3 1 0
github.com/mannemsolutions/PgQuartz/internal/config.go:36.2,43.13 5 0
github.com/mannemsolutions/PgQuartz/internal/config.go:43.13,47.3 2 0
github.com/mannemsolutions/PgQuartz/internal/config.go:49.2,49.22 1 0
github.com/mannemsolutions/PgQuartz/internal/config.go:49.22,51.3 1 0
github.com/mannemsolutions/PgQuartz/internal/config.go:53.2,54.12 2 0
github.com/mannemsolutions/PgQuartz/internal/config.go:57.50,58.38 1 0
github.com/mannemsolutions/PgQuartz/internal/config.go:58.38,60.3 1 0
github.com/mannemsolutions/PgQuartz/internal/config.go:64.2,65.16 2 0
github.com/mannemsolutions/PgQuartz/internal/config.go:65.16,67.3 1 0
github.com/mannemsolutions/PgQuartz/internal/config.go:69.2,73.26 5 0
github.com/mannemsolutions/PgQuartz/internal/config.go:73.26,75.3 1 0
github.com/mannemsolutions/PgQuartz/internal/config.go:77.2,77.26 1 0
github.com/mannemsolutions/PgQuartz/internal/config.go:77.27,79.3 0 0
github.com/mannemsolutions/PgQuartz/internal/config.go:79.8,79.65 1 0
github.com/mannemsolutions/PgQuartz/internal/config.go:79.65,81.3 1 0
github.com/mannemsolutions/PgQuartz/internal/config.go:81.8,81.29 1 0
github.com/mannemsolutions/PgQuartz/internal/config.go:81.29,86.3 3 0
github.com/mannemsolutions/PgQuartz/internal/config.go:87.2,87.37 1 0
github.com/mannemsolutions/PgQuartz/internal/config.go:87.37,89.3 1 0
github.com/mannemsolutions/PgQuartz/internal/config.go:91.2,91.11 1 0
github.com/mannemsolutions/PgQuartz/internal/config.go:91.11,93.3 1 0
github.com/mannemsolutions/PgQuartz/internal/config.go:95.2,95.20 1 0
github.com/mannemsolutions/PgQuartz/pkg/etcd/config.go:14.33,16.28 1 0
github.com/mannemsolutions/PgQuartz/pkg/etcd/config.go:16.28,18.3 1 0
github.com/mannemsolutions/PgQuartz/pkg/etcd/config.go:19.2,19.26 1 0
github.com/mannemsolutions/PgQuartz/pkg/etcd/config.go:19.26,21.3 1 0
github.com/mannemsolutions/PgQuartz/pkg/etcd/config.go:24.106,25.26 1 0
github.com/mannemsolutions/PgQuartz/pkg/etcd/config.go:25.26,27.3 1 0
github.com/mannemsolutions/PgQuartz/pkg/etcd/config.go:28.2,29.16 2 0
github.com/mannemsolutions/PgQuartz/pkg/etcd/config.go:29.16,31.3 1 0
github.com/mannemsolutions/PgQuartz/pkg/etcd/config.go:32.2,32.57 1 0
github.com/mannemsolutions/PgQuartz/pkg/etcd/locker.go:21.42,26.2 2 0
github.com/mannemsolutions/PgQuartz/pkg/etcd/locker.go:28.26,29.29 1 0
github.com/mannemsolutions/PgQuartz/pkg/etcd/locker.go:29.29,32.3 2 0
github.com/mannemsolutions/PgQuartz/pkg/etcd/locker.go:33.2,36.16 4 0
github.com/mannemsolutions/PgQuartz/pkg/etcd/locker.go:36.16,38.3 1 0
github.com/mannemsolutions/PgQuartz/pkg/etcd/locker.go:39.2,42.16 3 0
github.com/mannemsolutions/PgQuartz/pkg/etcd/locker.go:42.16,44.3 1 0
github.com/mannemsolutions/PgQuartz/pkg/etcd/locker.go:45.2,49.80 4 0
github.com/mannemsolutions/PgQuartz/pkg/etcd/locker.go:49.80,51.3 1 0
github.com/mannemsolutions/PgQuartz/pkg/etcd/locker.go:51.8,56.51 3 0
github.com/mannemsolutions/PgQuartz/pkg/etcd/locker.go:56.51,58.4 1 0
github.com/mannemsolutions/PgQuartz/pkg/etcd/locker.go:60.3,61.11 2 0
github.com/mannemsolutions/PgQuartz/pkg/etcd/locker.go:66.28,67.21 1 0
github.com/mannemsolutions/PgQuartz/pkg/etcd/locker.go:67.21,68.46 1 0
github.com/mannemsolutions/PgQuartz/pkg/etcd/locker.go:68.46,70.4 1 0
github.com/mannemsolutions/PgQuartz/pkg/etcd/locker.go:71.3,71.17 1 0
github.com/mannemsolutions/PgQuartz/pkg/etcd/locker.go:75.27,79.26 4 0
github.com/mannemsolutions/PgQuartz/pkg/etcd/locker.go:79.26,82.3 2 0
github.com/mannemsolutions/PgQuartz/pkg/etcd/locker.go:83.2,84.23 2 0
github.com/mannemsolutions/PgQuartz/pkg/etcd/locker.go:84.23,87.3 2 0
github.com/mannemsolutions/PgQuartz/pkg/etcd/locker.go:88.2,89.19 2 0
github.com/mannemsolutions/PgQuartz/pkg/etcd/locker.go:89.19,92.3 2 0
github.com/mannemsolutions/PgQuartz/pkg/etcd/logger.go:11.44,13.2 1 0
github.com/mannemsolutions/PgQuartz/pkg/etcd/main.go:9.37,11.2 1 0
github.com/mannemsolutions/PgQuartz/pkg/pg/conn.go:23.40,27.2 1 0
github.com/mannemsolutions/PgQuartz/pkg/pg/conn.go:29.41,31.8 2 0
github.com/mannemsolutions/PgQuartz/pkg/pg/conn.go:31.8,33.3 1 0
github.com/mannemsolutions/PgQuartz/pkg/pg/conn.go:34.2,35.17 2 0
github.com/mannemsolutions/PgQuartz/pkg/pg/conn.go:35.17,37.3 1 0
github.com/mannemsolutions/PgQuartz/pkg/pg/conn.go:38.2,38.21 1 0
github.com/mannemsolutions/PgQuartz/pkg/pg/conn.go:41.45,43.8 2 0
github.com/mannemsolutions/PgQuartz/pkg/pg/conn.go:43.8,45.3 1 0
github.com/mannemsolutions/PgQuartz/pkg/pg/conn.go:46.2,47.17 2 0
github.com/mannemsolutions/PgQuartz/pkg/pg/conn.go:47.17,49.3 1 0
github.com/mannemsolutions/PgQuartz/pkg/pg/conn.go:50.2,51.16 2 0
github.com/mannemsolutions/PgQuartz/pkg/pg/conn.go:51.16,54.3 1 0
github.com/mannemsolutions/PgQuartz/pkg/pg/conn.go:55.2,55.29 1 0
github.com/mannemsolutions/PgQuartz/pkg/pg/conn.go:59.61,61.2 1 0
github.com/mannemsolutions/PgQuartz/pkg/pg/conn.go:63.35,65.39 2 0
github.com/mannemsolutions/PgQuartz/pkg/pg/conn.go:65.39,67.3 1 0
github.com/mannemsolutions/PgQuartz/pkg/pg/conn.go:68.2,68.36 1 0
github.com/mannemsolutions/PgQuartz/pkg/pg/conn.go:71.38,72.19 1 0
github.com/mannemsolutions/PgQuartz/pkg/pg/conn.go:72.19,73.24 1 0
github.com/mannemsolutions/PgQuartz/pkg/pg/conn.go:73.24,75.4 1 0
github.com/mannemsolutions/PgQuartz/pkg/pg/conn.go:75.9,77.4 1 0
github.com/mannemsolutions/PgQuartz/pkg/pg/conn.go:79.2,80.16 2 0
github.com/mannemsolutions/PgQuartz/pkg/pg/conn.go:80.16,83.3 2 0
github.com/mannemsolutions/PgQuartz/pkg/pg/conn.go:84.2,84.12 1 0
github.com/mannemsolutions/PgQuartz/pkg/pg/conn.go:87.88,89.16 2 0
github.com/mannemsolutions/PgQuartz/pkg/pg/conn.go:89.16,91.3 1 0
github.com/mannemsolutions/PgQuartz/pkg/pg/conn.go:92.2,94.26 3 0
github.com/mannemsolutions/PgQuartz/pkg/pg/conn.go:94.26,96.3 1 0
github.com/mannemsolutions/PgQuartz/pkg/pg/conn.go:97.2,97.16 1 0
github.com/mannemsolutions/PgQuartz/pkg/pg/conn.go:97.16,99.3 1 0
github.com/mannemsolutions/PgQuartz/pkg/pg/conn.go:100.2,100.19 1 0
github.com/mannemsolutions/PgQuartz/pkg/pg/conn.go:103.68,105.16 2 0
github.com/mannemsolutions/PgQuartz/pkg/pg/conn.go:105.16,107.3 1 0
github.com/mannemsolutions/PgQuartz/pkg/pg/conn.go:108.2,109.12 2 0
github.com/mannemsolutions/PgQuartz/pkg/pg/conn.go:112.90,114.16 2 0
github.com/mannemsolutions/PgQuartz/pkg/pg/conn.go:114.16,116.3 1 0
github.com/mannemsolutions/PgQuartz/pkg/pg/conn.go:118.2,119.16 2 0
github.com/mannemsolutions/PgQuartz/pkg/pg/conn.go:119.16,121.3 1 0
github.com/mannemsolutions/PgQuartz/pkg/pg/conn.go:122.2,122.20 1 0
github.com/mannemsolutions/PgQuartz/pkg/pg/conn.go:125.85,127.16 2 0
github.com/mannemsolutions/PgQuartz/pkg/pg/conn.go:127.16,129.3 1 0
github.com/mannemsolutions/PgQuartz/pkg/pg/conn.go:130.2,131.65 2 0
github.com/mannemsolutions/PgQuartz/pkg/pg/conn.go:131.65,133.3 1 0
github.com/mannemsolutions/PgQuartz/pkg/pg/conn.go:133.8,134.53 1 0
github.com/mannemsolutions/PgQuartz/pkg/pg/conn.go:134.53,136.4 1 0
github.com/mannemsolutions/PgQuartz/pkg/pg/conn.go:137.3,137.21 1 0
github.com/mannemsolutions/PgQuartz/pkg/pg/conn.go:137.21,140.47 3 0
github.com/mannemsolutions/PgQuartz/pkg/pg/conn.go:140.47,142.5 1 0
github.com/mannemsolutions/PgQuartz/pkg/pg/conn.go:142.10,143.30 1 0
github.com/mannemsolutions/PgQuartz/pkg/pg/conn.go:143.30,145.6 1 0
github.com/mannemsolutions/PgQuartz/pkg/pg/conn.go:147.4,147.42 1 0
github.com/mannemsolutions/PgQuartz/pkg/pg/conn.go:150.2,150.20 1 0
github.com/mannemsolutions/PgQuartz/pkg/pg/conn.go:153.50,154.20 1 0
github.com/mannemsolutions/PgQuartz/pkg/pg/conn.go:154.20,156.3 1 0
github.com/mannemsolutions/PgQuartz/pkg/pg/conn.go:157.2,157.23 1 0
github.com/mannemsolutions/PgQuartz/pkg/pg/conn.go:157.23,159.3 1 0
github.com/mannemsolutions/PgQuartz/pkg/pg/conn.go:160.2,160.40 1 0
github.com/mannemsolutions/PgQuartz/pkg/pg/conn.go:160.40,162.3 1 0
github.com/mannemsolutions/PgQuartz/pkg/pg/conn.go:163.2,163.123 1 0
github.com/mannemsolutions/PgQuartz/pkg/pg/conn.go:163.123,165.3 1 0
github.com/mannemsolutions/PgQuartz/pkg/pg/conn.go:165.8,165.29 1 0
github.com/mannemsolutions/PgQuartz/pkg/pg/conn.go:165.29,168.3 2 0
github.com/mannemsolutions/PgQuartz/pkg/pg/conn.go:169.2,170.12 2 0
github.com/mannemsolutions/PgQuartz/pkg/pg/dsn.go:10.41,12.22 2 0
github.com/mannemsolutions/PgQuartz/pkg/pg/dsn.go:12.22,13.22 1 0
github.com/mannemsolutions/PgQuartz/pkg/pg/dsn.go:13.22,15.4 1 0
github.com/mannemsolutions/PgQuartz/pkg/pg/dsn.go:16.3,16.91 1 0
github.com/mannemsolutions/PgQuartz/pkg/pg/dsn.go:18.2,18.33 1 0
github.com/mannemsolutions/PgQuartz/pkg/pg/main.go:18.44,20.2 1 0
github.com/mannemsolutions/PgQuartz/pkg/pg/main.go:21.37,23.2 1 0
github.com/mannemsolutions/PgQuartz/pkg/pg/row.go:14.65,15.29 1 0
github.com/mannemsolutions/PgQuartz/pkg/pg/row.go:15.29,17.25 2 0
github.com/mannemsolutions/PgQuartz/pkg/pg/row.go:17.25,19.4 1 0
github.com/mannemsolutions/PgQuartz/pkg/pg/row.go:20.3,20.41 1 0
github.com/mannemsolutions/PgQuartz/pkg/pg/row.go:22.2,22.21 1 0
github.com/mannemsolutions/PgQuartz/pkg/pg/row.go:25.76,27.21 2 0
github.com/mannemsolutions/PgQuartz/pkg/pg/row.go:27.21,29.3 1 0
github.com/mannemsolutions/PgQuartz/pkg/pg/row.go:30.2,30.29 1 0
github.com/mannemsolutions/PgQuartz/pkg/pg/row.go:30.29,32.27 2 0
github.com/mannemsolutions/PgQuartz/pkg/pg/row.go:32.27,35.4 1 0
github.com/mannemsolutions/PgQuartz/pkg/pg/row.go:36.3,36.75 1 0
github.com/mannemsolutions/PgQuartz/pkg/pg/row.go:38.2,38.24 1 0
github.com/mannemsolutions/PgQuartz/pkg/jobs/check.go:16.42,17.28 1 0
github.com/mannemsolutions/PgQuartz/pkg/jobs/check.go:17.28,18.49 1 0
github.com/mannemsolutions/PgQuartz/pkg/jobs/check.go:18.49,19.49 1 0
github.com/mannemsolutions/PgQuartz/pkg/jobs/check.go:19.49,21.5 1 0
github.com/mannemsolutions/PgQuartz/pkg/jobs/check.go:27.41,28.23 1 0
github.com/mannemsolutions/PgQuartz/pkg/jobs/check.go:28.23,30.3 1 0
github.com/mannemsolutions/PgQuartz/pkg/jobs/check.go:31.2,31.14 1 0
github.com/mannemsolutions/PgQuartz/pkg/jobs/check.go:49.31,61.2 1 0
github.com/mannemsolutions/PgQuartz/pkg/jobs/check.go:63.32,65.20 2 0
github.com/mannemsolutions/PgQuartz/pkg/jobs/check.go:65.20,68.3 1 0
github.com/mannemsolutions/PgQuartz/pkg/jobs/check.go:68.8,70.3 1 0
github.com/mannemsolutions/PgQuartz/pkg/jobs/check.go:71.2,71.99 1 0
github.com/mannemsolutions/PgQuartz/pkg/jobs/check.go:74.47,75.20 1 0
github.com/mannemsolutions/PgQuartz/pkg/jobs/check.go:75.20,77.3 1 0
github.com/mannemsolutions/PgQuartz/pkg/jobs/check.go:78.2,78.23 1 0
github.com/mannemsolutions/PgQuartz/pkg/jobs/check.go:78.23,80.3 1 0
github.com/mannemsolutions/PgQuartz/pkg/jobs/check.go:82.2,82.46 1 0
github.com/mannemsolutions/PgQuartz/pkg/jobs/check.go:82.46,84.3 1 0
github.com/mannemsolutions/PgQuartz/pkg/jobs/check.go:84.8,89.21 3 0
github.com/mannemsolutions/PgQuartz/pkg/jobs/check.go:89.21,91.4 1 0
github.com/mannemsolutions/PgQuartz/pkg/jobs/check.go:91.9,91.60 1 0
github.com/mannemsolutions/PgQuartz/pkg/jobs/check.go:91.60,93.4 1 0
github.com/mannemsolutions/PgQuartz/pkg/jobs/check.go:93.9,93.60 1 0
github.com/mannemsolutions/PgQuartz/pkg/jobs/check.go:93.60,95.4 1 0
github.com/mannemsolutions/PgQuartz/pkg/jobs/check.go:96.3,97.16 1 0
github.com/mannemsolutions/PgQuartz/pkg/jobs/check.go:101.74,102.18 1 0
github.com/mannemsolutions/PgQuartz/pkg/jobs/check.go:102.18,103.22 1 0
github.com/mannemsolutions/PgQuartz/pkg/jobs/check.go:103.23,105.4 0 0
github.com/mannemsolutions/PgQuartz/pkg/jobs/check.go:105.9,109.4 1 0
github.com/mannemsolutions/PgQuartz/pkg/jobs/check.go:110.8,110.30 1 0
github.com/mannemsolutions/PgQuartz/pkg/jobs/check.go:110.31,112.3 0 0
github.com/mannemsolutions/PgQuartz/pkg/jobs/check.go:112.8,112.48 1 0
github.com/mannemsolutions/PgQuartz/pkg/jobs/check.go:112.48,115.3 1 0
github.com/mannemsolutions/PgQuartz/pkg/jobs/check.go:116.2,116.45 1 0
github.com/mannemsolutions/PgQuartz/pkg/jobs/check.go:116.45,118.3 1 0
github.com/mannemsolutions/PgQuartz/pkg/jobs/check.go:119.2,119.13 1 0
github.com/mannemsolutions/PgQuartz/pkg/jobs/check.go:126.50,129.20 3 0
github.com/mannemsolutions/PgQuartz/pkg/jobs/check.go:129.20,130.74 1 0
github.com/mannemsolutions/PgQuartz/pkg/jobs/check.go:130.74,132.4 1 0
github.com/mannemsolutions/PgQuartz/pkg/jobs/check.go:133.3,134.57 2 0
github.com/mannemsolutions/PgQuartz/pkg/jobs/check.go:134.57,136.4 1 0
github.com/mannemsolutions/PgQuartz/pkg/jobs/check.go:136.9,136.47 1 0
github.com/mannemsolutions/PgQuartz/pkg/jobs/check.go:136.47,139.4 1 0
github.com/mannemsolutions/PgQuartz/pkg/jobs/check.go:139.9,139.62 1 0
github.com/mannemsolutions/PgQuartz/pkg/jobs/check.go:139.62,141.4 1 0
github.com/mannemsolutions/PgQuartz/pkg/jobs/check.go:142.3,142.19 1 0
github.com/mannemsolutions/PgQuartz/pkg/jobs/check.go:144.2,144.44 1 0
github.com/mannemsolutions/PgQuartz/pkg/jobs/check.go:144.44,146.3 1 0
github.com/mannemsolutions/PgQuartz/pkg/jobs/check.go:147.2,147.65 1 0
github.com/mannemsolutions/PgQuartz/pkg/jobs/check.go:147.65,149.3 1 0
github.com/mannemsolutions/PgQuartz/pkg/jobs/check.go:150.2,150.19 1 0
github.com/mannemsolutions/PgQuartz/pkg/jobs/check.go:157.45,158.20 1 0
github.com/mannemsolutions/PgQuartz/pkg/jobs/check.go:158.20,160.3 1 0
github.com/mannemsolutions/PgQuartz/pkg/jobs/check.go:161.2,162.16 2 0
github.com/mannemsolutions/PgQuartz/pkg/jobs/check.go:162.16,164.3 1 0
github.com/mannemsolutions/PgQuartz/pkg/jobs/check.go:165.2,165.37 1 0
github.com/mannemsolutions/PgQuartz/pkg/jobs/check.go:168.70,170.39 2 0
github.com/mannemsolutions/PgQuartz/pkg/jobs/check.go:170.39,172.3 1 0
github.com/mannemsolutions/PgQuartz/pkg/jobs/check.go:173.2,173.45 1 0
github.com/mannemsolutions/PgQuartz/pkg/jobs/check.go:173.45,175.3 1 0
github.com/mannemsolutions/PgQuartz/pkg/jobs/check.go:175.8,175.107 1 0
github.com/mannemsolutions/PgQuartz/pkg/jobs/check.go:175.107,177.3 1 0
github.com/mannemsolutions/PgQuartz/pkg/jobs/check.go:177.8,177.36 1 0
github.com/mannemsolutions/PgQuartz/pkg/jobs/check.go:177.36,179.3 1 0
github.com/mannemsolutions/PgQuartz/pkg/jobs/check.go:179.8,179.83 1 0
github.com/mannemsolutions/PgQuartz/pkg/jobs/check.go:179.83,181.3 1 0
github.com/mannemsolutions/PgQuartz/pkg/jobs/check.go:182.2,182.12 1 0
github.com/mannemsolutions/PgQuartz/pkg/jobs/check.go:185.33,186.21 1 0
github.com/mannemsolutions/PgQuartz/pkg/jobs/check.go:186.21,188.46 2 0
github.com/mannemsolutions/PgQuartz/pkg/jobs/check.go:188.46,190.4 1 0
github.com/mannemsolutions/PgQuartz/pkg/jobs/check.go:191.3,191.17 1 0
github.com/mannemsolutions/PgQuartz/pkg/jobs/check.go:195.75,197.50 2 0
github.com/mannemsolutions/PgQuartz/pkg/jobs/check.go:197.50,199.3 1 0
github.com/mannemsolutions/PgQuartz/pkg/jobs/check.go:199.8,199.60 1 0
github.com/mannemsolutions/PgQuartz/pkg/jobs/check.go:199.60,201.3 1 0
github.com/mannemsolutions/PgQuartz/pkg/jobs/check.go:202.2,202.12 1 0
github.com/mannemsolutions/PgQuartz/pkg/jobs/check.go:205.64,212.37 7 0
github.com/mannemsolutions/PgQuartz/pkg/jobs/check.go:212.37,213.33 1 0
github.com/mannemsolutions/PgQuartz/pkg/jobs/check.go:214.24,216.18 2 0
github.com/mannemsolutions/PgQuartz/pkg/jobs/check.go:216.18,218.5 1 0
github.com/mannemsolutions/PgQuartz/pkg/jobs/check.go:219.11,219.11 0 0
github.com/mannemsolutions/PgQuartz/pkg/jobs/check.go:222.2,222.106 1 0
github.com/mannemsolutions/PgQuartz/pkg/jobs/check.go:222.106,224.3 1 0
github.com/mannemsolutions/PgQuartz/pkg/jobs/check.go:224.8,224.112 1 0
github.com/mannemsolutions/PgQuartz/pkg/jobs/check.go:224.112,226.3 1 0
github.com/mannemsolutions/PgQuartz/pkg/jobs/check.go:227.2,228.12 2 0
github.com/mannemsolutions/PgQuartz/pkg/jobs/command.go:16.78,17.29 1 0
github.com/mannemsolutions/PgQuartz/pkg/jobs/command.go:17.29,19.3 1 0
github.com/mannemsolutions/PgQuartz/pkg/jobs/command.go:20.2,20.13 1 0
github.com/mannemsolutions/PgQuartz/pkg/jobs/command.go:23.80,24.30 1 0
github.com/mannemsolutions/PgQuartz/pkg/jobs/command.go:24.30,25.49 1 0
github.com/mannemsolutions/PgQuartz/pkg/jobs/command.go:25.49,27.4 1 0
github.com/mannemsolutions/PgQuartz/pkg/jobs/command.go:29.2,29.12 1 0
github.com/mannemsolutions/PgQuartz/pkg/jobs/command.go:32.45,33.23 1 0
github.com/mannemsolutions/PgQuartz/pkg/jobs/command.go:33.23,35.3 1 0
github.com/mannemsolutions/PgQuartz/pkg/jobs/command.go:36.2,36.14 1 0
github.com/mannemsolutions/PgQuartz/pkg/jobs/command.go:39.34,40.29 1 0
github.com/mannemsolutions/PgQuartz/pkg/jobs/command.go:40.29,42.3 1 0
github.com/mannemsolutions/PgQuartz/pkg/jobs/command.go:43.2,43.11 1 0
github.com/mannemsolutions/PgQuartz/pkg/jobs/command.go:46.45,47.29 1 0
github.com/mannemsolutions/PgQuartz/pkg/jobs/command.go:47.29,49.3 1 0
github.com/mannemsolutions/PgQuartz/pkg/jobs/command.go:50.2,50.15 1 0
github.com/mannemsolutions/PgQuartz/pkg/jobs/command.go:53.45,54.29 1 0
github.com/mannemsolutions/PgQuartz/pkg/jobs/command.go:54.29,56.3 1 0
github.com/mannemsolutions/PgQuartz/pkg/jobs/command.go:57.2,57.15 1 0
github.com/mannemsolutions/PgQuartz/pkg/jobs/command.go:74.35,83.2 1 0
github.com/mannemsolutions/PgQuartz/pkg/jobs/command.go:85.34,87.20 2 0
github.com/mannemsolutions/PgQuartz/pkg/jobs/command.go:87.20,90.3 1 0
github.com/mannemsolutions/PgQuartz/pkg/jobs/command.go:90.8,92.3 1 0
github.com/mannemsolutions/PgQuartz/pkg/jobs/command.go:93.2,93.99 1 0
github.com/mannemsolutions/PgQuartz/pkg/jobs/command.go:96.49,97.20 1 0
github.com/mannemsolutions/PgQuartz/pkg/jobs/command.go:97.20,99.3 1 0
github.com/mannemsolutions/PgQuartz/pkg/jobs/command.go:100.2,100.23 1 0
github.com/mannemsolutions/PgQuartz/pkg/jobs/command.go:100.23,102.3 1 0
github.com/mannemsolutions/PgQuartz/pkg/jobs/command.go:104.2,104.46 1 0
github.com/mannemsolutions/PgQuartz/pkg/jobs/command.go:104.46,106.3 1 0
github.com/mannemsolutions/PgQuartz/pkg/jobs/command.go:106.8,111.21 3 0
github.com/mannemsolutions/PgQuartz/pkg/jobs/command.go:111.21,113.4 1 0
github.com/mannemsolutions/PgQuartz/pkg/jobs/command.go:113.9,113.60 1 0
github.com/mannemsolutions/PgQuartz/pkg/jobs/command.go:113.60,115.4 1 0
github.com/mannemsolutions/PgQuartz/pkg/jobs/command.go:115.9,115.60 1 0
github.com/mannemsolutions/PgQuartz/pkg/jobs/command.go:115.60,117.4 1 0
github.com/mannemsolutions/PgQuartz/pkg/jobs/command.go:118.3,119.16 1 0
github.com/mannemsolutions/PgQuartz/pkg/jobs/command.go:123.76,124.18 1 0
github.com/mannemsolutions/PgQuartz/pkg/jobs/command.go:124.18,125.22 1 0
github.com/mannemsolutions/PgQuartz/pkg/jobs/command.go:125.23,127.4 0 0
github.com/mannemsolutions/PgQuartz/pkg/jobs/command.go:127.9,131.4 1 0
github.com/mannemsolutions/PgQuartz/pkg/jobs/command.go:132.8,132.30 1 0
github.com/mannemsolutions/PgQuartz/pkg/jobs/command.go:132.31,134.3 0 0
github.com/mannemsolutions/PgQuartz/pkg/jobs/command.go:134.8,134.48 1 0
github.com/mannemsolutions/PgQuartz/pkg/jobs/command.go:134.48,137.3 1 0
github.com/mannemsolutions/PgQuartz/pkg/jobs/command.go:138.2,138.45 1 0
github.com/mannemsolutions/PgQuartz/pkg/jobs/command.go:138.45,140.3 1 0
github.com/mannemsolutions/PgQuartz/pkg/jobs/command.go:141.2,141.13 1 0
github.com/mannemsolutions/PgQuartz/pkg/jobs/command.go:148.52,151.20 3 0
github.com/mannemsolutions/PgQuartz/pkg/jobs/command.go:151.20,152.76 1 0
github.com/mannemsolutions/PgQuartz/pkg/jobs/command.go:152.76,154.4 1 0
github.com/mannemsolutions/PgQuartz/pkg/jobs/command.go:155.3,156.57 2 0
github.com/mannemsolutions/PgQuartz/pkg/jobs/command.go:156.57,158.4 1 0
github.com/mannemsolutions/PgQuartz/pkg/jobs/command.go:158.9,158.47 1 0
github.com/mannemsolutions/PgQuartz/pkg/jobs/command.go:158.47,161.4 1 0
github.com/mannemsolutions/PgQuartz/pkg/jobs/command.go:161.9,161.62 1 0
github.com/mannemsolutions/PgQuartz/pkg/jobs/command.go:161.62,163.4 1 0
github.com/mannemsolutions/PgQuartz/pkg/jobs/command.go:164.3,164.19 1 0
github.com/mannemsolutions/PgQuartz/pkg/jobs/command.go:166.2,166.44 1 0
github.com/mannemsolutions/PgQuartz/pkg/jobs/command.go:166.44,168.3 1 0
github.com/mannemsolutions/PgQuartz/pkg/jobs/command.go:169.2,169.65 1 0
github.com/mannemsolutions/PgQuartz/pkg/jobs/command.go:169.65,171.3 1 0
github.com/mannemsolutions/PgQuartz/pkg/jobs/command.go:172.2,172.19 1 0
github.com/mannemsolutions/PgQuartz/pkg/jobs/command.go:179.47,180.20 1 0
github.com/mannemsolutions/PgQuartz/pkg/jobs/command.go:180.20,182.3 1 0
github.com/mannemsolutions/PgQuartz/pkg/jobs/command.go:183.2,184.16 2 0
github.com/mannemsolutions/PgQuartz/pkg/jobs/command.go:184.16,186.3 1 0
github.com/mannemsolutions/PgQuartz/pkg/jobs/command.go:187.2,187.37 1 0
github.com/mannemsolutions/PgQuartz/pkg/jobs/command.go:190.78,192.39 2 0
github.com/mannemsolutions/PgQuartz/pkg/jobs/command.go:192.39,194.3 1 0
github.com/mannemsolutions/PgQuartz/pkg/jobs/command.go:195.2,195.45 1 0
github.com/mannemsolutions/PgQuartz/pkg/jobs/command.go:195.45,197.3 1 0
github.com/mannemsolutions/PgQuartz/pkg/jobs/command.go:197.8,197.95 1 0
github.com/mannemsolutions/PgQuartz/pkg/jobs/command.go:197.95,200.3 2 0
github.com/mannemsolutions/PgQuartz/pkg/jobs/command.go:201.2,201.12 1 0
github.com/mannemsolutions/PgQuartz/pkg/jobs/command.go:204.35,205.21 1 0
github.com/mannemsolutions/PgQuartz/pkg/jobs/command.go:205.21,207.46 2 0
github.com/mannemsolutions/PgQuartz/pkg/jobs/command.go:207.46,209.4 1 0
github.com/mannemsolutions/PgQuartz/pkg/jobs/command.go:210.3,210.17 1 0
github.com/mannemsolutions/PgQuartz/pkg/jobs/command.go:214.68,221.39 7 0
github.com/mannemsolutions/PgQuartz/pkg/jobs/command.go:221.39,222.33 1 0
github.com/mannemsolutions/PgQuartz/pkg/jobs/command.go:223.24,224.30 1 0
github.com/mannemsolutions/PgQuartz/pkg/jobs/command.go:225.11,226.12 1 0
github.com/mannemsolutions/PgQuartz/pkg/jobs/command.go:228.3,228.13 1 0
github.com/mannemsolutions/PgQuartz/pkg/jobs/command.go:230.2,233.12 4 0
github.com/mannemsolutions/PgQuartz/pkg/jobs/config.go:30.33,31.53 1 0
github.com/mannemsolutions/PgQuartz/pkg/jobs/config.go:31.53,33.3 1 0
github.com/mannemsolutions/PgQuartz/pkg/jobs/config.go:33.8,35.3 1 0
github.com/mannemsolutions/PgQuartz/pkg/jobs/config.go:38.26,40.20 2 0
github.com/mannemsolutions/PgQuartz/pkg/jobs/config.go:40.20,46.3 1 0
github.com/mannemsolutions/PgQuartz/pkg/jobs/config.go:46.8,46.29 1 0
github.com/mannemsolutions/PgQuartz/pkg/jobs/config.go:46.29,48.3 1 0
github.com/mannemsolutions/PgQuartz/pkg/jobs/config.go:48.8,50.3 1 0
github.com/mannemsolutions/PgQuartz/pkg/jobs/config.go:51.2,51.27 1 0
github.com/mannemsolutions/PgQuartz/pkg/jobs/config.go:51.27,53.3 1 0
github.com/mannemsolutions/PgQuartz/pkg/jobs/config.go:54.2,54.19 1 0
github.com/mannemsolutions/PgQuartz/pkg/jobs/config.go:54.19,56.3 1 0
github.com/mannemsolutions/PgQuartz/pkg/jobs/config.go:59.31,62.2 2 0
github.com/mannemsolutions/PgQuartz/pkg/jobs/config.go:64.104,65.21 1 0
github.com/mannemsolutions/PgQuartz/pkg/jobs/config.go:65.21,67.3 1 0
github.com/mannemsolutions/PgQuartz/pkg/jobs/config.go:68.2,69.16 2 0
github.com/mannemsolutions/PgQuartz/pkg/jobs/config.go:69.16,71.3 1 0
github.com/mannemsolutions/PgQuartz/pkg/jobs/config.go:72.2,72.57 1 0
github.com/mannemsolutions/PgQuartz/pkg/jobs/connection.go:12.142,16.39 4 0
github.com/mannemsolutions/PgQuartz/pkg/jobs/connection.go:16.39,18.3 1 0
github.com/mannemsolutions/PgQuartz/pkg/jobs/connection.go:18.8,18.49 1 0
github.com/mannemsolutions/PgQuartz/pkg/jobs/connection.go:18.49,21.3 2 0
github.com/mannemsolutions/PgQuartz/pkg/jobs/connection.go:23.2,23.15 1 0
github.com/mannemsolutions/PgQuartz/pkg/jobs/connection.go:23.15,24.49 1 0
github.com/mannemsolutions/PgQuartz/pkg/jobs/connection.go:24.49,26.80 2 0
github.com/mannemsolutions/PgQuartz/pkg/jobs/connection.go:26.80,29.5 2 0
github.com/mannemsolutions/PgQuartz/pkg/jobs/connection.go:29.10,31.5 1 0
github.com/mannemsolutions/PgQuartz/pkg/jobs/connection.go:33.3,33.21 1 0
github.com/mannemsolutions/PgQuartz/pkg/jobs/connection.go:34.8,36.79 2 0
github.com/mannemsolutions/PgQuartz/pkg/jobs/connection.go:36.79,39.4 2 0
github.com/mannemsolutions/PgQuartz/pkg/jobs/connection.go:39.9,41.4 1 0
github.com/mannemsolutions/PgQuartz/pkg/jobs/handler.go:18.35,25.2 1 0
github.com/mannemsolutions/PgQuartz/pkg/jobs/handler.go:27.34,30.51 3 0
github.com/mannemsolutions/PgQuartz/pkg/jobs/handler.go:30.51,32.3 1 0
github.com/mannemsolutions/PgQuartz/pkg/jobs/handler.go:33.2,34.19 2 0
github.com/mannemsolutions/PgQuartz/pkg/jobs/handler.go:37.38,38.29 1 0
github.com/mannemsolutions/PgQuartz/pkg/jobs/handler.go:38.29,41.3 2 0
github.com/mannemsolutions/PgQuartz/pkg/jobs/handler.go:42.2,42.37 1 0
github.com/mannemsolutions/PgQuartz/pkg/jobs/handler.go:42.37,43.44 1 0
github.com/mannemsolutions/PgQuartz/pkg/jobs/handler.go:43.44,45.4 1 0
github.com/mannemsolutions/PgQuartz/pkg/jobs/handler.go:47.2,48.12 2 0
github.com/mannemsolutions/PgQuartz/pkg/jobs/handler.go:51.30,55.6 4 0
github.com/mannemsolutions/PgQuartz/pkg/jobs/handler.go:55.6,56.19 1 0
github.com/mannemsolutions/PgQuartz/pkg/jobs/handler.go:56.19,57.9 1 0
github.com/mannemsolutions/PgQuartz/pkg/jobs/handler.go:59.3,59.18 1 0
github.com/mannemsolutions/PgQuartz/pkg/jobs/handler.go:61.2,63.6 3 0
github.com/mannemsolutions/PgQuartz/pkg/jobs/handler.go:63.6,64.23 1 0
github.com/mannemsolutions/PgQuartz/pkg/jobs/handler.go:64.23,66.9 2 0
github.com/mannemsolutions/PgQuartz/pkg/jobs/handler.go:69.2,71.30 3 0
github.com/mannemsolutions/PgQuartz/pkg/jobs/handler.go:74.31,75.31 1 0
github.com/mannemsolutions/PgQuartz/pkg/jobs/handler.go:75.31,77.3 1 0
github.com/mannemsolutions/PgQuartz/pkg/jobs/handler.go:78.2,80.39 3 0
github.com/mannemsolutions/PgQuartz/pkg/jobs/handler.go:83.33,84.41 1 0
github.com/mannemsolutions/PgQuartz/pkg/jobs/handler.go:84.41,88.3 3 0
github.com/mannemsolutions/PgQuartz/pkg/jobs/handler.go:91.41,92.47 1 0
github.com/mannemsolutions/PgQuartz/pkg/jobs/handler.go:92.47,94.61 2 0
github.com/mannemsolutions/PgQuartz/pkg/jobs/handler.go:94.61,97.4 2 0
github.com/mannemsolutions/PgQuartz/pkg/jobs/handler.go:97.9,97.20 1 0
github.com/mannemsolutions/PgQuartz/pkg/jobs/handler.go:97.20,100.32 3 0
github.com/mannemsolutions/PgQuartz/pkg/jobs/handler.go:100.32,104.5 3 0
github.com/mannemsolutions/PgQuartz/pkg/jobs/handler.go:105.4,105.50 1 0
github.com/mannemsolutions/PgQuartz/pkg/jobs/handler.go:106.9,108.4 1 0
github.com/mannemsolutions/PgQuartz/pkg/jobs/handler.go:110.2,110.33 1 0
github.com/mannemsolutions/PgQuartz/pkg/jobs/handler.go:113.33,114.9 1 0
github.com/mannemsolutions/PgQuartz/pkg/jobs/handler.go:115.32,116.30 1 0
github.com/mannemsolutions/PgQuartz/pkg/jobs/handler.go:116.30,119.4 2 0
github.com/mannemsolutions/PgQuartz/pkg/jobs/handler.go:120.10,120.10 0 0
github.com/mannemsolutions/PgQuartz/pkg/jobs/handler.go:125.46,127.2 1 0
github.com/mannemsolutions/PgQuartz/pkg/jobs/instance.go:5.47,7.23 2 0
github.com/mannemsolutions/PgQuartz/pkg/jobs/instance.go:7.23,9.3 1 0
github.com/mannemsolutions/PgQuartz/pkg/jobs/instance.go:10.2,10.14 1 0
github.com/mannemsolutions/PgQuartz/pkg/jobs/instance.go:13.33,14.23 1 0
github.com/mannemsolutions/PgQuartz/pkg/jobs/instance.go:14.23,15.14 1 0
github.com/mannemsolutions/PgQuartz/pkg/jobs/instance.go:15.14,17.4 1 0
github.com/mannemsolutions/PgQuartz/pkg/jobs/instance.go:19.2,19.13 1 0
github.com/mannemsolutions/PgQuartz/pkg/jobs/instance.go:22.41,23.23 1 0
github.com/mannemsolutions/PgQuartz/pkg/jobs/instance.go:23.23,25.3 1 0
github.com/mannemsolutions/PgQuartz/pkg/jobs/instance.go:26.2,26.10 1 0
github.com/mannemsolutions/PgQuartz/pkg/jobs/instance.go:29.41,30.23 1 0
github.com/mannemsolutions/PgQuartz/pkg/jobs/instance.go:30.23,32.3 1 0
github.com/mannemsolutions/PgQuartz/pkg/jobs/instance.go:33.2,33.10 1 0
github.com/mannemsolutions/PgQuartz/pkg/jobs/instance.go:36.35,37.30 1 0
github.com/mannemsolutions/PgQuartz/pkg/jobs/instance.go:37.30,39.3 1 0
github.com/mannemsolutions/PgQuartz/pkg/jobs/instance.go:40.2,40.11 1 0
github.com/mannemsolutions/PgQuartz/pkg/jobs/instance.go:50.71,56.2 1 0
github.com/mannemsolutions/PgQuartz/pkg/jobs/instance.go:58.45,63.2 1 0
github.com/mannemsolutions/PgQuartz/pkg/jobs/instance.go:65.39,67.2 1 0
github.com/mannemsolutions/PgQuartz/pkg/jobs/instance.go:69.39,71.2 1 0
github.com/mannemsolutions/PgQuartz/pkg/jobs/instance.go:73.33,75.2 1 0
github.com/mannemsolutions/PgQuartz/pkg/jobs/logger.go:12.67,15.2 2 0
github.com/mannemsolutions/PgQuartz/pkg/jobs/logger.go:17.19,19.2 1 0
github.com/mannemsolutions/PgQuartz/pkg/jobs/matrix.go:48.46,51.30 2 0
github.com/mannemsolutions/PgQuartz/pkg/jobs/matrix.go:51.30,52.19 1 0
github.com/mannemsolutions/PgQuartz/pkg/jobs/matrix.go:52.19,57.4 1 0
github.com/mannemsolutions/PgQuartz/pkg/jobs/matrix.go:59.2,59.25 1 0
github.com/mannemsolutions/PgQuartz/pkg/jobs/matrix.go:59.25,61.3 1 0
github.com/mannemsolutions/PgQuartz/pkg/jobs/matrix.go:62.2,63.61 2 0
github.com/mannemsolutions/PgQuartz/pkg/jobs/matrix.go:66.65,68.30 2 0
github.com/mannemsolutions/PgQuartz/pkg/jobs/matrix.go:68.30,70.3 1 0
github.com/mannemsolutions/PgQuartz/pkg/jobs/matrix.go:71.2,71.15 1 0
github.com/mannemsolutions/PgQuartz/pkg/jobs/matrix.go:74.47,76.30 2 0
github.com/mannemsolutions/PgQuartz/pkg/jobs/matrix.go:76.30,78.3 1 0
github.com/mannemsolutions/PgQuartz/pkg/jobs/matrix.go:79.2,79.12 1 0
github.com/mannemsolutions/PgQuartz/pkg/jobs/matrix.go:84.96,88.37 3 0
github.com/mannemsolutions/PgQuartz/pkg/jobs/matrix.go:88.37,89.20 1 0
github.com/mannemsolutions/PgQuartz/pkg/jobs/matrix.go:89.20,90.12 1 0
github.com/mannemsolutions/PgQuartz/pkg/jobs/matrix.go:92.3,93.49 2 0
github.com/mannemsolutions/PgQuartz/pkg/jobs/matrix.go:93.49,97.4 3 0
github.com/mannemsolutions/PgQuartz/pkg/jobs/matrix.go:102.2,102.26 1 0
github.com/mannemsolutions/PgQuartz/pkg/jobs/matrix.go:105.111,106.29 1 0
github.com/mannemsolutions/PgQuartz/pkg/jobs/matrix.go:106.29,107.33 1 0
github.com/mannemsolutions/PgQuartz/pkg/jobs/matrix.go:107.33,111.4 3 0
github.com/mannemsolutions/PgQuartz/pkg/jobs/matrix.go:113.2,113.17 1 0
github.com/mannemsolutions/PgQuartz/pkg/jobs/matrix.go:116.61,117.31 1 0
github.com/mannemsolutions/PgQuartz/pkg/jobs/matrix.go:117.31,118.20 1 0
github.com/mannemsolutions/PgQuartz/pkg/jobs/matrix.go:118.20,119.33 1 0
github.com/mannemsolutions/PgQuartz/pkg/jobs/matrix.go:119.33,121.5 1 0
github.com/mannemsolutions/PgQuartz/pkg/jobs/matrix.go:122.9,124.4 1 0
github.com/mannemsolutions/PgQuartz/pkg/jobs/matrix.go:126.2,126.19 1 0
github.com/mannemsolutions/PgQuartz/pkg/jobs/matrix.go:126.19,128.3 1 0
github.com/mannemsolutions/PgQuartz/pkg/jobs/matrix.go:129.2,129.12 1 0
github.com/mannemsolutions/PgQuartz/pkg/jobs/result.go:13.48,14.29 1 0
github.com/mannemsolutions/PgQuartz/pkg/jobs/result.go:14.29,16.3 1 0
github.com/mannemsolutions/PgQuartz/pkg/jobs/result.go:17.2,17.15 1 0
github.com/mannemsolutions/PgQuartz/pkg/jobs/result.go:20.56,22.50 2 0
github.com/mannemsolutions/PgQuartz/pkg/jobs/result.go:22.50,24.3 1 0
github.com/mannemsolutions/PgQuartz/pkg/jobs/result.go:25.2,25.15 1 0
github.com/mannemsolutions/PgQuartz/pkg/jobs/result.go:28.50,30.2 1 0
github.com/mannemsolutions/PgQuartz/pkg/jobs/result.go:32.33,34.25 2 0
github.com/mannemsolutions/PgQuartz/pkg/jobs/result.go:34.25,36.3 1 0
github.com/mannemsolutions/PgQuartz/pkg/jobs/result.go:37.2,37.57 1 0
github.com/mannemsolutions/PgQuartz/pkg/jobs/result.go:40.44,41.22 1 0
github.com/mannemsolutions/PgQuartz/pkg/jobs/result.go:41.22,42.23 1 0
github.com/mannemsolutions/PgQuartz/pkg/jobs/result.go:42.23,43.15 1 0
github.com/mannemsolutions/PgQuartz/pkg/jobs/result.go:43.15,45.5 1 0
github.com/mannemsolutions/PgQuartz/pkg/jobs/result.go:46.4,46.15 1 0
github.com/mannemsolutions/PgQuartz/pkg/jobs/result.go:49.2,49.13 1 0
github.com/mannemsolutions/PgQuartz/pkg/jobs/result.go:49.13,51.3 1 0
github.com/mannemsolutions/PgQuartz/pkg/jobs/result.go:52.2,52.14 1 0
github.com/mannemsolutions/PgQuartz/pkg/jobs/result.go:55.48,56.22 1 0
github.com/mannemsolutions/PgQuartz/pkg/jobs/result.go:56.22,57.24 1 0
github.com/mannemsolutions/PgQuartz/pkg/jobs/result.go:57.24,58.15 1 0
github.com/mannemsolutions/PgQuartz/pkg/jobs/result.go:58.15,60.5 1 0
github.com/mannemsolutions/PgQuartz/pkg/jobs/result.go:61.4,61.15 1 0
github.com/mannemsolutions/PgQuartz/pkg/jobs/result.go:64.2,64.13 1 0
github.com/mannemsolutions/PgQuartz/pkg/jobs/result.go:64.13,66.3 1 0
github.com/mannemsolutions/PgQuartz/pkg/jobs/result.go:67.2,67.14 1 0
github.com/mannemsolutions/PgQuartz/pkg/jobs/result.go:70.49,71.48 1 0
github.com/mannemsolutions/PgQuartz/pkg/jobs/result.go:71.48,74.3 2 0
github.com/mannemsolutions/PgQuartz/pkg/jobs/result.go:74.8,75.23 1 0
github.com/mannemsolutions/PgQuartz/pkg/jobs/result.go:75.23,76.27 1 0
github.com/mannemsolutions/PgQuartz/pkg/jobs/result.go:76.27,77.16 1 0
github.com/mannemsolutions/PgQuartz/pkg/jobs/result.go:77.16,79.6 1 0
github.com/mannemsolutions/PgQuartz/pkg/jobs/result.go:80.5,80.16 1 0
github.com/mannemsolutions/PgQuartz/pkg/jobs/result.go:84.2,84.13 1 0
github.com/mannemsolutions/PgQuartz/pkg/jobs/result.go:84.13,86.3 1 0
github.com/mannemsolutions/PgQuartz/pkg/jobs/result.go:87.2,87.14 1 0
github.com/mannemsolutions/PgQuartz/pkg/jobs/result.go:90.48,92.2 1 0
github.com/mannemsolutions/PgQuartz/pkg/jobs/runner.go:13.31,14.23 1 0
github.com/mannemsolutions/PgQuartz/pkg/jobs/runner.go:14.23,15.14 1 0
github.com/mannemsolutions/PgQuartz/pkg/jobs/runner.go:15.14,17.4 1 0
github.com/mannemsolutions/PgQuartz/pkg/jobs/runner.go:19.2,19.13 1 0
github.com/mannemsolutions/PgQuartz/pkg/jobs/runner.go:22.47,28.2 1 0
github.com/mannemsolutions/PgQuartz/pkg/jobs/runner.go:30.24,31.6 1 0
github.com/mannemsolutions/PgQuartz/pkg/jobs/runner.go:31.6,32.39 1 0
github.com/mannemsolutions/PgQuartz/pkg/jobs/runner.go:32.39,33.9 1 0
github.com/mannemsolutions/PgQuartz/pkg/jobs/runner.go:34.9,34.66 1 0
github.com/mannemsolutions/PgQuartz/pkg/jobs/runner.go:34.66,36.4 1 0
github.com/mannemsolutions/PgQuartz/pkg/jobs/runner.go:36.9,36.72 1 0
github.com/mannemsolutions/PgQuartz/pkg/jobs/runner.go:36.72,38.4 1 0
github.com/mannemsolutions/PgQuartz/pkg/jobs/runner.go:38.9,40.79 2 0
github.com/mannemsolutions/PgQuartz/pkg/jobs/runner.go:40.79,42.5 1 0
github.com/mannemsolutions/PgQuartz/pkg/jobs/runner.go:43.4,43.25 1 0
github.com/mannemsolutions/PgQuartz/pkg/jobs/runner.go:46.2,47.15 2 0
github.com/mannemsolutions/PgQuartz/pkg/jobs/step.go:34.38,36.13 2 0
github.com/mannemsolutions/PgQuartz/pkg/jobs/step.go:36.13,38.3 1 0
github.com/mannemsolutions/PgQuartz/pkg/jobs/step.go:39.2,39.24 1 0
github.com/mannemsolutions/PgQuartz/pkg/jobs/step.go:44.43,45.43 1 0
github.com/mannemsolutions/PgQuartz/pkg/jobs/step.go:45.43,47.3 1 0
github.com/mannemsolutions/PgQuartz/pkg/jobs/step.go:47.8,47.58 1 0
github.com/mannemsolutions/PgQuartz/pkg/jobs/step.go:47.58,49.3 1 0
github.com/mannemsolutions/PgQuartz/pkg/jobs/step.go:49.8,52.3 2 0
github.com/mannemsolutions/PgQuartz/pkg/jobs/step.go:55.58,56.33 1 0
github.com/mannemsolutions/PgQuartz/pkg/jobs/step.go:56.33,58.43 2 0
github.com/mannemsolutions/PgQuartz/pkg/jobs/step.go:58.43,59.44 1 0
github.com/mannemsolutions/PgQuartz/pkg/jobs/step.go:59.44,61.5 1 0
github.com/mannemsolutions/PgQuartz/pkg/jobs/step.go:64.2,64.13 1 0
github.com/mannemsolutions/PgQuartz/pkg/jobs/step.go:67.31,68.27 1 0
github.com/mannemsolutions/PgQuartz/pkg/jobs/step.go:68.27,70.3 1 0
github.com/mannemsolutions/PgQuartz/pkg/jobs/step.go:73.39,75.29 2 0
github.com/mannemsolutions/PgQuartz/pkg/jobs/step.go:75.29,80.3 4 0
github.com/mannemsolutions/PgQuartz/pkg/jobs/step.go:81.2,82.14 2 0
github.com/mannemsolutions/PgQuartz/pkg/jobs/step.go:85.31,87.29 2 0
github.com/mannemsolutions/PgQuartz/pkg/jobs/step.go:87.29,91.3 3 0
github.com/mannemsolutions/PgQuartz/pkg/jobs/step.go:92.2,92.14 1 0
github.com/mannemsolutions/PgQuartz/pkg/jobs/step.go:95.67,96.43 1 0
github.com/mannemsolutions/PgQuartz/pkg/jobs/step.go:96.43,98.3 1 0
github.com/mannemsolutions/PgQuartz/pkg/jobs/step.go:98.8,98.55 1 0
github.com/mannemsolutions/PgQuartz/pkg/jobs/step.go:98.55,100.3 1 0
github.com/mannemsolutions/PgQuartz/pkg/jobs/step.go:100.8,102.3 1 0
github.com/mannemsolutions/PgQuartz/pkg/jobs/step.go:105.50,107.33 2 0
github.com/mannemsolutions/PgQuartz/pkg/jobs/step.go:107.33,108.19 1 0
github.com/mannemsolutions/PgQuartz/pkg/jobs/step.go:108.19,110.4 1 0
github.com/mannemsolutions/PgQuartz/pkg/jobs/step.go:111.3,111.22 1 0
github.com/mannemsolutions/PgQuartz/pkg/jobs/step.go:111.22,112.12 1 0
github.com/mannemsolutions/PgQuartz/pkg/jobs/step.go:114.3,115.43 2 0
github.com/mannemsolutions/PgQuartz/pkg/jobs/step.go:115.43,116.50 1 0
github.com/mannemsolutions/PgQuartz/pkg/jobs/step.go:116.50,118.5 1 0
github.com/mannemsolutions/PgQuartz/pkg/jobs/step.go:118.10,118.67 1 0
github.com/mannemsolutions/PgQuartz/pkg/jobs/step.go:118.67,120.10 2 0
github.com/mannemsolutions/PgQuartz/pkg/jobs/step.go:123.3,123.14 1 0
github.com/mannemsolutions/PgQuartz/pkg/jobs/step.go:123.14,125.4 1 0
github.com/mannemsolutions/PgQuartz/pkg/jobs/step.go:127.2,127.14 1 0
github.com/mannemsolutions/PgQuartz/pkg/jobs/step.go:130.47,131.26 1 0
github.com/mannemsolutions/PgQuartz/pkg/jobs/step.go:131.26,132.22 1 0
github.com/mannemsolutions/PgQuartz/pkg/jobs/step.go:132.22,133.12 1 0
github.com/mannemsolutions/PgQuartz/pkg/jobs/step.go:135.3,135.18 1 0
github.com/mannemsolutions/PgQuartz/pkg/jobs/step.go:137.2,137.19 1 0
github.com/mannemsolutions/PgQuartz/pkg/jobs/step.go:140.71,142.43 2 0
github.com/mannemsolutions/PgQuartz/pkg/jobs/step.go:142.43,144.3 1 0
github.com/mannemsolutions/PgQuartz/pkg/jobs/step.go:144.8,146.39 2 0
github.com/mannemsolutions/PgQuartz/pkg/jobs/step.go:146.39,147.80 1 0
github.com/mannemsolutions/PgQuartz/pkg/jobs/step.go:147.80,149.5 1 0
github.com/mannemsolutions/PgQuartz/pkg/jobs/step.go:150.4,150.67 1 0
github.com/mannemsolutions/PgQuartz/pkg/jobs/step.go:150.67,152.5 1 0
github.com/mannemsolutions/PgQuartz/pkg/jobs/step.go:152.10,157.19 5 0
github.com/mannemsolutions/PgQuartz/pkg/jobs/step.go:157.19,159.6 1 0
github.com/mannemsolutions/PgQuartz/pkg/jobs/step.go:159.11,159.41 1 0
github.com/mannemsolutions/PgQuartz/pkg/jobs/step.go:159.41,161.6 1 0
github.com/mannemsolutions/PgQuartz/pkg/jobs/step.go:165.2,166.18 2 0
github.com/mannemsolutions/PgQuartz/pkg/jobs/step.go:178.30,180.2 1 0
github.com/mannemsolutions/PgQuartz/pkg/jobs/step.go:182.28,184.2 1 0
github.com/mannemsolutions/PgQuartz/pkg/jobs/step.go:186.28,187.30 1 0
github.com/mannemsolutions/PgQuartz/pkg/jobs/step.go:187.30,189.3 1 0
github.com/mannemsolutions/PgQuartz/pkg/jobs/step.go:190.2,190.24 1 0
github.com/mannemsolutions/PgQuartz/pkg/jobs/step.go:190.24,191.51 1 0
github.com/mannemsolutions/PgQuartz/pkg/jobs/step.go:191.51,193.4 1 0
github.com/mannemsolutions/PgQuartz/pkg/jobs/step.go:194.3,194.14 1 0
github.com/mannemsolutions/PgQuartz/pkg/jobs/step.go:196.2,196.14 1 0
github.com/mannemsolutions/PgQuartz/pkg/jobs/step.go:199.55,200.14 1 0
github.com/mannemsolutions/PgQuartz/pkg/jobs/step.go:200.14,202.3 1 0
github.com/mannemsolutions/PgQuartz/pkg/jobs/step.go:203.2,204.49 2 0
github.com/mannemsolutions/PgQuartz/pkg/jobs/step.go:204.49,206.3 1 0
github.com/mannemsolutions/PgQuartz/pkg/jobs/step.go:206.8,208.3 1 0
github.com/mannemsolutions/PgQuartz/pkg/jobs/step.go:209.2,209.17 1 0
github.com/mannemsolutions/PgQuartz/pkg/jobs/step.go:212.51,213.24 1 0
github.com/mannemsolutions/PgQuartz/pkg/jobs/step.go:213.24,215.3 1 0
github.com/mannemsolutions/PgQuartz/pkg/jobs/step.go:215.8,218.3 2 0
github.com/mannemsolutions/PgQuartz/pkg/jobs/step.go:221.29,230.2 1 0
github.com/mannemsolutions/PgQuartz/pkg/jobs/step.go:232.31,234.2 1 0
github.com/mannemsolutions/PgQuartz/pkg/jobs/step.go:236.31,238.2 1 0
github.com/mannemsolutions/PgQuartz/pkg/jobs/step.go:240.24,242.2 1 0
github.com/mannemsolutions/PgQuartz/pkg/jobs/step.go:244.29,246.2 1 0
github.com/mannemsolutions/PgQuartz/pkg/jobs/step.go:248.31,249.26 1 0
github.com/mannemsolutions/PgQuartz/pkg/jobs/step.go:249.26,251.3 1 0
github.com/mannemsolutions/PgQuartz/pkg/jobs/step.go:252.2,253.44 2 0
github.com/mannemsolutions/PgQuartz/pkg/jobs/step.go:253.44,255.3 1 0
github.com/mannemsolutions/PgQuartz/pkg/jobs/step.go:258.40,261.2 1 0
